Component: ARM Compiler 5.05 update 1 (build 106) Tool: armlink [4d0efa]

==============================================================================

Section Cross References

    main.o(.text) refers to _printf_percent.o(.ARM.Collect$$_printf_percent$$00000000) for _printf_percent
    main.o(.text) refers to _printf_d.o(.ARM.Collect$$_printf_percent$$00000009) for _printf_d
    main.o(.text) refers to _printf_dec.o(.text) for _printf_int_dec
    main.o(.text) refers to _printf_f.o(.ARM.Collect$$_printf_percent$$00000003) for _printf_f
    main.o(.text) refers to printf1.o(x$fpl$printf1) for _printf_fp_dec
    main.o(.text) refers to _printf_pad.o(.text) for _printf_pre_padding
    main.o(.text) refers to delay.o(.text) for delay_init
    main.o(.text) refers to sys.o(.text) for NVIC_Configuration
    main.o(.text) refers to usart.o(.text) for uart_init
    main.o(.text) refers to led.o(.text) for LED_Init
    main.o(.text) refers to beep.o(.text) for BEEP_Init
    main.o(.text) refers to key.o(.text) for KEY_Init
    main.o(.text) refers to oled.o(.text) for OLED_Init
    main.o(.text) refers to exti.o(.text) for EXTIX_Init
    main.o(.text) refers to fdc2214.o(.text) for FDC2214_Init
    main.o(.text) refers to noretval__2sprintf.o(.text) for __2sprintf
    main.o(.text) refers to stm32f10x_gpio.o(.text) for GPIO_ReadInputDataBit
    main.o(.text) refers to filtering.o(.text) for Median_Filter
    main.o(.text) refers to faddsub_clz.o(x$fpl$fadd) for __aeabi_fadd
    main.o(.text) refers to fflt_clz.o(x$fpl$fflt) for __aeabi_i2f
    main.o(.text) refers to fdiv.o(x$fpl$fdiv) for __aeabi_fdiv
    main.o(.text) refers to f2d.o(x$fpl$f2d) for __aeabi_f2d
    main.o(.text) refers to noretval__2printf.o(.text) for __2printf
    main.o(.text) refers to feqf.o(x$fpl$feqf) for __aeabi_cfcmpeq
    main.o(.text) refers to dleqf.o(x$fpl$dleqf) for __aeabi_cdcmple
    main.o(.text) refers to stm32f10x_usart.o(.text) for USART_GetFlagStatus
    main.o(.text) refers to faddsub_clz.o(x$fpl$fsub) for __aeabi_fsub
    main.o(.text) refers to ffix.o(x$fpl$ffix) for __aeabi_f2iz
    main.o(.text) refers to main.o(.data) for warn_start
    main.o(.text) refers to main.o(.bss) for OLED_BUF
    system_stm32f10x.o(.text) refers to system_stm32f10x.o(.data) for SystemCoreClock
    led.o(.text) refers to stm32f10x_rcc.o(.text) for RCC_APB2PeriphClockCmd
    led.o(.text) refers to stm32f10x_gpio.o(.text) for GPIO_Init
    fdc2214.o(.text) refers to delay.o(.text) for delay_us
    fdc2214.o(.text) refers to stm32f10x_rcc.o(.text) for RCC_APB2PeriphClockCmd
    fdc2214.o(.text) refers to stm32f10x_gpio.o(.text) for GPIO_Init
    fdc2214.o(.text) refers to dflt_clz.o(x$fpl$dfltu) for __aeabi_ui2d
    fdc2214.o(.text) refers to ddiv.o(x$fpl$ddiv) for __aeabi_ddiv
    fdc2214.o(.text) refers to d2f.o(x$fpl$d2f) for __aeabi_d2f
    fdc2214.o(.text) refers to fmul.o(x$fpl$fmul) for __aeabi_fmul
    fdc2214.o(.text) refers to fdc2214.o(.data) for Data_FDC
    oled.o(.text) refers to stm32f10x_gpio.o(.text) for GPIO_SetBits
    oled.o(.text) refers to oled.o(.constdata) for F8X16
    oled.o(.text) refers to stm32f10x_rcc.o(.text) for RCC_APB2PeriphClockCmd
    oled.o(.text) refers to delay.o(.text) for delay_ms
    oled.o(.text) refers to oled.o(.data) for Hzk
    key.o(.text) refers to stm32f10x_rcc.o(.text) for RCC_APB2PeriphClockCmd
    key.o(.text) refers to stm32f10x_gpio.o(.text) for GPIO_Init
    key.o(.text) refers to delay.o(.text) for delay_ms
    key.o(.text) refers to key.o(.data) for key_up
    filtering.o(.text) refers to _printf_percent.o(.ARM.Collect$$_printf_percent$$00000000) for _printf_percent
    filtering.o(.text) refers to _printf_f.o(.ARM.Collect$$_printf_percent$$00000003) for _printf_f
    filtering.o(.text) refers to printf1.o(x$fpl$printf1) for _printf_fp_dec
    filtering.o(.text) refers to fdc2214.o(.text) for Cap_Calculate
    filtering.o(.text) refers to faddsub_clz.o(x$fpl$fadd) for __aeabi_fadd
    filtering.o(.text) refers to delay.o(.text) for delay_ms
    filtering.o(.text) refers to fflt_clz.o(x$fpl$fflt) for __aeabi_i2f
    filtering.o(.text) refers to fdiv.o(x$fpl$fdiv) for __aeabi_fdiv
    filtering.o(.text) refers to frleqf.o(x$fpl$frleqf) for __aeabi_cfrcmple
    filtering.o(.text) refers to faddsub_clz.o(x$fpl$fsub) for __aeabi_fsub
    filtering.o(.text) refers to feqf.o(x$fpl$feqf) for __aeabi_cfcmpeq
    filtering.o(.text) refers to fmul.o(x$fpl$fmul) for __aeabi_fmul
    filtering.o(.text) refers to f2d.o(x$fpl$f2d) for __aeabi_f2d
    filtering.o(.text) refers to daddsub_clz.o(x$fpl$drsb) for __aeabi_drsub
    filtering.o(.text) refers to ddiv.o(x$fpl$ddiv) for __aeabi_ddiv
    filtering.o(.text) refers to exp.o(i.exp) for exp
    filtering.o(.text) refers to dfix.o(x$fpl$dfix) for __aeabi_d2iz
    filtering.o(.text) refers to faddsub_clz.o(x$fpl$frsb) for __aeabi_frsub
    filtering.o(.text) refers to drleqf.o(x$fpl$drleqf) for __aeabi_cdrcmple
[...]
    .ARM.Collect$$libinit$$0000001B          0x08000206   Section        0  libinit2.o(.ARM.Collect$$libinit$$0000001B)
    .ARM.Collect$$libinit$$0000001D          0x08000206   Section        0  libinit2.o(.ARM.Collect$$libinit$$0000001D)
    .ARM.Collect$$libinit$$0000001F          0x08000206   Section        0  libinit2.o(.ARM.Collect$$libinit$$0000001F)
    .ARM.Collect$$libinit$$00000021          0x08000206   Section        0  libinit2.o(.ARM.Collect$$libinit$$00000021)
    .ARM.Collect$$libinit$$00000023          0x08000206   Section        0  libinit2.o(.ARM.Collect$$libinit$$00000023)
    .ARM.Collect$$libinit$$00000025          0x08000206   Section        0  libinit2.o(.ARM.Collect$$libinit$$00000025)
    .ARM.Collect$$libinit$$0000002C          0x08000206   Section        0  libinit2.o(.ARM.Collect$$libinit$$0000002C)
    .ARM.Collect$$libinit$$0000002E          0x08000206   Section        0  libinit2.o(.ARM.Collect$$libinit$$0000002E)
    .ARM.Collect$$libinit$$00000030          0x08000206   Section        0  libinit2.o(.ARM.Collect$$libinit$$00000030)
    .ARM.Collect$$libinit$$00000032          0x08000206   Section        0  libinit2.o(.ARM.Collect$$libinit$$00000032)
    .ARM.Collect$$libinit$$00000033          0x08000206   Section        2  libinit2.o(.ARM.Collect$$libinit$$00000033)
    .ARM.Collect$$libshutdown$$00000000      0x08000208   Section        2  libshutdown.o(.ARM.Collect$$libshutdown$$00000000)
    .ARM.Collect$$libshutdown$$00000003      0x0800020a   Section        0  libshutdown2.o(.ARM.Collect$$libshutdown$$00000003)
    .ARM.Collect$$libshutdown$$00000006      0x0800020a   Section        0  libshutdown2.o(.ARM.Collect$$libshutdown$$00000006)
    .ARM.Collect$$libshutdown$$00000009      0x0800020a   Section        0  libshutdown2.o(.ARM.Collect$$libshutdown$$00000009)
    .ARM.Collect$$libshutdown$$0000000B      0x0800020a   Section        0  libshutdown2.o(.ARM.Collect$$libshutdown$$0000000B)
    .ARM.Collect$$libshutdown$$0000000E      0x0800020a   Section        0  libshutdown2.o(.ARM.Collect$$libshutdown$$0000000E)
    .ARM.Collect$$libshutdown$$0000000F      0x0800020a   Section        2  libshutdown2.o(.ARM.Collect$$libshutdown$$0000000F)
    .ARM.Collect$$rtentry$$00000000          0x0800020c   Section        0  __rtentry.o(.ARM.Collect$$rtentry$$00000000)
    .ARM.Collect$$rtentry$$00000002          0x0800020c   Section        0  __rtentry2.o(.ARM.Collect$$rtentry$$00000002)
    .ARM.Collect$$rtentry$$00000004          0x0800020c   Section        6  __rtentry4.o(.ARM.Collect$$rtentry$$00000004)
    .ARM.Collect$$rtentry$$00000009          0x08000212   Section        0  __rtentry2.o(.ARM.Collect$$rtentry$$00000009)
    .ARM.Collect$$rtentry$$0000000A          0x08000212   Section        4  __rtentry2.o(.ARM.Collect$$rtentry$$0000000A)
    .ARM.Collect$$rtentry$$0000000C          0x08000216   Section        0  __rtentry2.o(.ARM.Collect$$rtentry$$0000000C)
    .ARM.Collect$$rtentry$$0000000D          0x08000216   Section        8  __rtentry2.o(.ARM.Collect$$rtentry$$0000000D)
    .ARM.Collect$$rtexit$$00000000           0x0800021e   Section        2  rtexit.o(.ARM.Collect$$rtexit$$00000000)
    .ARM.Collect$$rtexit$$00000002           0x08000220   Section        0  rtexit2.o(.ARM.Collect$$rtexit$$00000002)
    .ARM.Collect$$rtexit$$00000003           0x08000220   Section        4  rtexit2.o(.ARM.Collect$$rtexit$$00000003)
    .ARM.Collect$$rtexit$$00000004           0x08000224   Section        6  rtexit2.o(.ARM.Collect$$rtexit$$00000004)
    .text                                    0x0800022c   Section        0  main.o(.text)
    .text                                    0x080005a0   Section        0  stm32f10x_it.o(.text)
    .text                                    0x080005bc   Section        0  system_stm32f10x.o(.text)
    SetSysClockTo72                          0x080005bd   Thumb Code   214  system_stm32f10x.o(.text)
    SetSysClock                              0x08000693   Thumb Code     8  system_stm32f10x.o(.text)
    .text                                    0x0800079c   Section        0  led.o(.text)
    .text                                    0x080007d0   Section        0  fdc2214.o(.text)
    .text                                    0x08000c54   Section        0  oled.o(.text)
    .text                                    0x08001220   Section        0  key.o(.text)
    .text                                    0x080012f8   Section        0  filtering.o(.text)
    .text                                    0x08001b8c   Section        0  beep.o(.text)
    .text                                    0x08001bc4   Section        0  exti.o(.text)
    .text                                    0x08001c34   Section        0  delay.o(.text)
    .text                                    0x08001d08   Section        0  sys.o(.text)
    .text                                    0x08001d14   Section        0  usart.o(.text)
    .text                                    0x08001e70   Section        0  misc.o(.text)
    .text                                    0x08001f4c   Section        0  stm32f10x_exti.o(.text)
    .text                                    0x08002068   Section        0  stm32f10x_gpio.o(.text)
    .text                                    0x080023c4   Section        0  stm32f10x_rcc.o(.text)
    .text                                    0x08002768   Section        0  stm32f10x_usart.o(.text)
    .text                                    0x08002b70   Section       64  startup_stm32f10x_hd.o(.text)
    .text                                    0x08002bb0   Section        2  use_no_semi_2.o(.text)
    .text                                    0x08002bb4   Section        0  noretval__2printf.o(.text)
    .text                                    0x08002bcc   Section        0  noretval__2sprintf.o(.text)
    .text                                    0x08002bf4   Section        0  _printf_pad.o(.text)
    .text                                    0x08002c44   Section        0  _printf_dec.o(.text)
    .text                                    0x08002cbc   Section        0  __printf_wp.o(.text)
    .text                                    0x08002dca   Section        0  heapauxi.o(.text)
    .text                                    0x08002dd0   Section        2  use_no_semi.o(.text)
    .text                                    0x08002dd2   Section        0  _rserrno.o(.text)
    .text                                    0x08002de8   Section        0  _printf_intcommon.o(.text)
    .text                                    0x08002e9a   Section        0  _printf_fp_dec.o(.text)
    _fp_digits                               0x08002e9d   Thumb Code   428  _printf_fp_dec.o(.text)
    .text                                    0x080032b4   Section        0  _printf_char_common.o(.text)
    _printf_input_char                       0x080032b5   Thumb Code    10  _printf_char_common.o(.text)
    .text                                    0x080032e4   Section        0  _sputc.o(.text)
    .text                                    0x080032f0   Section        0  _printf_char_file.o(.text)
    .text                                    0x08003314   Section        8  rt_locale_intlibspace.o(.text)
    .text                                    0x0800331c   Section        8  rt_errno_addr_intlibspace.o(.text)
    .text                                    0x08003324   Section      138  lludiv10.o(.text)
    .text                                    0x080033b0   Section        0  _printf_fp_infnan.o(.text)
    .text                                    0x08003430   Section        0  bigflt0.o(.text)
    .text                                    0x0800350c   Section        0  ferror.o(.text)
    .text                                    0x08003514   Section        8  libspace.o(.text)
    .text                                    0x0800351c   Section       74  sys_stackheap_outer.o(.text)
    .text                                    0x08003566   Section        0  exit.o(.text)
    .text                                    0x08003574   Section      128  strcmpv7m.o(.text)
    CL$$btod_d2e                             0x080035f4   Section       62  btod.o(CL$$btod_d2e)
    CL$$btod_d2e_denorm_low                  0x08003632   Section       70  btod.o(CL$$btod_d2e_denorm_low)
    CL$$btod_d2e_norm_op1                    0x08003678   Section       96  btod.o(CL$$btod_d2e_norm_op1)
    CL$$btod_div_common                      0x080036d8   Section      824  btod.o(CL$$btod_div_common)
    CL$$btod_e2e                             0x08003a10   Section      198  btod.o(CL$$btod_e2e)
    CL$$btod_ediv                            0x08003ad6   Section       40  btod.o(CL$$btod_ediv)
    CL$$btod_emul                            0x08003afe   Section       40  btod.o(CL$$btod_emul)
    CL$$btod_mult_common                     0x08003b26   Section      580  btod.o(CL$$btod_mult_common)
    i.__ARM_fpclassify                       0x08003d6a   Section        0  fpclassify.o(i.__ARM_fpclassify)
    i.__kernel_poly                          0x08003d92   Section        0  poly.o(i.__kernel_poly)
    i.__mathlib_dbl_divzero                  0x08003e3c   Section        0  dunder.o(i.__mathlib_dbl_divzero)
    i.__mathlib_dbl_infnan                   0x08003e4c   Section        0  dunder.o(i.__mathlib_dbl_infnan)
    i.__mathlib_dbl_infnan2                  0x08003e52   Section        0  dunder.o(i.__mathlib_dbl_infnan2)
    i.__mathlib_dbl_invalid                  0x08003e56   Section        0  dunder.o(i.__mathlib_dbl_invalid)
    i.__mathlib_dbl_overflow                 0x08003e62   Section        0  dunder.o(i.__mathlib_dbl_overflow)
    i.__mathlib_dbl_underflow                0x08003e70   Section        0  dunder.o(i.__mathlib_dbl_underflow)
    i._is_digit                              0x08003e80   Section        0  __printf_wp.o(i._is_digit)
    i.exp                                    0x08003e90   Section        0  exp.o(i.exp)
    i.log                                    0x08004114   Section        0  log.o(i.log)
    i.pow                                    0x08004470   Section        0  pow.o(i.pow)
    i.powl                                   0x08004e28   Section        0  powl.o(i.powl)
    i.sqrt                                   0x08004e2c   Section        0  sqrt.o(i.sqrt)
    locale$$code                             0x08004e78   Section       44  lc_numeric_c.o(locale$$code)
    x$fpl$d2f                                0x08004ea4   Section       98  d2f.o(x$fpl$d2f)
    x$fpl$dadd                               0x08004f08   Section      336  daddsub_clz.o(x$fpl$dadd)
    _dadd1                                   0x08004f19   Thumb Code     0  daddsub_clz.o(x$fpl$dadd)
    x$fpl$dcheck1                            0x08005058   Section       16  dcheck1.o(x$fpl$dcheck1)
    x$fpl$dcmpinf                            0x08005068   Section       24  dcmpi.o(x$fpl$dcmpinf)
    x$fpl$ddiv                               0x08005080   Section      688  ddiv.o(x$fpl$ddiv)
    ddiv_entry                               0x08005087   Thumb Code     0  ddiv.o(x$fpl$ddiv)
    x$fpl$deqf                               0x08005330   Section      120  deqf.o(x$fpl$deqf)
    x$fpl$dfix                               0x080053a8   Section       94  dfix.o(x$fpl$dfix)
    x$fpl$dflt                               0x08005406   Section       46  dflt_clz.o(x$fpl$dflt)
    x$fpl$dfltu                              0x08005434   Section       38  dflt_clz.o(x$fpl$dfltu)
    x$fpl$dleqf                              0x0800545c   Section      120  dleqf.o(x$fpl$dleqf)
    x$fpl$dmul                               0x080054d4   Section      340  dmul.o(x$fpl$dmul)
    x$fpl$dnaninf                            0x08005628   Section      156  dnaninf.o(x$fpl$dnaninf)
    x$fpl$dretinf                            0x080056c4   Section       12  dretinf.o(x$fpl$dretinf)
    x$fpl$drleqf                             0x080056d0   Section      108  drleqf.o(x$fpl$drleqf)
    x$fpl$drsb                               0x0800573c   Section       22  daddsub_clz.o(x$fpl$drsb)
    x$fpl$dsqrt                              0x08005754   Section      460  dsqrt_noumaal.o(x$fpl$dsqrt)
    x$fpl$dsub                               0x08005920   Section      468  daddsub_clz.o(x$fpl$dsub)
    _dsub1                                   0x08005931   Thumb Code     0  daddsub_clz.o(x$fpl$dsub)
    x$fpl$f2d                                0x08005af4   Section       86  f2d.o(x$fpl$f2d)
    x$fpl$fadd                               0x08005b4c   Section      196  faddsub_clz.o(x$fpl$fadd)
    _fadd1                                   0x08005b5b   Thumb Code     0  faddsub_clz.o(x$fpl$fadd)
    x$fpl$fcmpinf                            0x08005c10   Section       24  fcmpi.o(x$fpl$fcmpinf)
    x$fpl$fdiv                               0x08005c28   Section      388  fdiv.o(x$fpl$fdiv)
    _fdiv1                                   0x08005c29   Thumb Code     0  fdiv.o(x$fpl$fdiv)
    x$fpl$feqf                               0x08005dac   Section      104  feqf.o(x$fpl$feqf)
    x$fpl$ffix                               0x08005e14   Section       54  ffix.o(x$fpl$ffix)
    x$fpl$fflt                               0x08005e4c   Section       48  fflt_clz.o(x$fpl$fflt)
    x$fpl$fleqf                              0x08005e7c   Section      104  fleqf.o(x$fpl$fleqf)
    x$fpl$fmul                               0x08005ee4   Section      258  fmul.o(x$fpl$fmul)
    x$fpl$fnaninf                            0x08005fe6   Section      140  fnaninf.o(x$fpl$fnaninf)
    x$fpl$fretinf                            0x08006072   Section       10  fretinf.o(x$fpl$fretinf)
    x$fpl$frleqf                             0x0800607c   Section       98  frleqf.o(x$fpl$frleqf)
    x$fpl$frsb                               0x080060de   Section       20  faddsub_clz.o(x$fpl$frsb)
    x$fpl$fsub                               0x080060f4   Section      234  faddsub_clz.o(x$fpl$fsub)
    _fsub1                                   0x08006103   Thumb Code     0  faddsub_clz.o(x$fpl$fsub)
    x$fpl$printf1                            0x080061de   Section        4  printf1.o(x$fpl$printf1)
    x$fpl$retnan                             0x080061e2   Section      100  retnan.o(x$fpl$retnan)
    x$fpl$scalbn                             0x08006246   Section       92  scalbn.o(x$fpl$scalbn)
    x$fpl$trapveneer                         0x080062a2   Section       48  trapv.o(x$fpl$trapveneer)
    .constdata                               0x080062d2   Section     2072  oled.o(.constdata)
    x$fpl$usenofp                            0x080062d2   Section        0  usenofp.o(x$fpl$usenofp)
    .constdata                               0x08006af0   Section       88  exp.o(.constdata)
    halF                                     0x08006af0   Data          16  exp.o(.constdata)
    ln2HI                                    0x08006b00   Data          16  exp.o(.constdata)
    ln2LO                                    0x08006b10   Data          16  exp.o(.constdata)
    P                                        0x08006b20   Data          40  exp.o(.constdata)
    .constdata                               0x08006b48   Section       56  log.o(.constdata)
    Lg2                                      0x08006b48   Data          24  log.o(.constdata)
    Lg                                       0x08006b60   Data          32  log.o(.constdata)
    .constdata                               0x08006b80   Section      136  pow.o(.constdata)
    bp                                       0x08006b80   Data          16  pow.o(.constdata)
    dp_h                                     0x08006b90   Data          16  pow.o(.constdata)
    dp_l                                     0x08006ba0   Data          16  pow.o(.constdata)
    L                                        0x08006bb0   Data          48  pow.o(.constdata)
    P                                        0x08006be0   Data          40  pow.o(.constdata)
    .constdata                               0x08006c08   Section        8  qnan.o(.constdata)
    .constdata                               0x08006c10   Section      148  bigflt0.o(.constdata)
    tenpwrs_x                                0x08006c10   Data          60  bigflt0.o(.constdata)
    tenpwrs_i                                0x08006c4c   Data          64  bigflt0.o(.constdata)
    locale$$data                             0x08006cc4   Section       28  lc_numeric_c.o(locale$$data)
    __lcnum_c_name                           0x08006cc8   Data           2  lc_numeric_c.o(locale$$data)
    __lcnum_c_start                          0x08006cd0   Data           0  lc_numeric_c.o(locale$$data)
    __lcnum_c_point                          0x08006cdc   Data           0  lc_numeric_c.o(locale$$data)
    __lcnum_c_thousands                      0x08006cde   Data           0  lc_numeric_c.o(locale$$data)
    __lcnum_c_grouping                       0x08006cdf   Data           0  lc_numeric_c.o(locale$$data)
    __lcnum_c_end                            0x08006ce0   Data           0  lc_numeric_c.o(locale$$data)
    .data                                    0x20000000   Section       52  main.o(.data)
    .data                                    0x20000034   Section       20  system_stm32f10x.o(.data)
    .data                                    0x20000048   Section        4  fdc2214.o(.data)
    .data                                    0x2000004c   Section      896  oled.o(.data)
    .data                                    0x200003cc   Section        1  key.o(.data)
    key_up                                   0x200003cc   Data           1  key.o(.data)
    .data                                    0x200003ce   Section        4  delay.o(.data)
    fac_us                                   0x200003ce   Data           1  delay.o(.data)
    fac_ms                                   0x200003d0   Data           2  delay.o(.data)
    .data                                    0x200003d4   Section        6  usart.o(.data)
    .data                                    0x200003da   Section       20  stm32f10x_rcc.o(.data)
    APBAHBPrescTable                         0x200003da   Data          16  stm32f10x_rcc.o(.data)
    ADCPrescTable                            0x200003ea   Data           4  stm32f10x_rcc.o(.data)
    .bss                                     0x200003f0   Section      312  main.o(.bss)
    .bss                                     0x20000528   Section      116  filtering.o(.bss)
    .bss                                     0x2000059c   Section      200  usart.o(.bss)
    .bss                                     0x20000664   Section       96  libspace.o(.bss)
    HEAP                                     0x200006c8   Section      512  startup_stm32f10x_hd.o(HEAP)
    Heap_Mem                                 0x200006c8   Data         512  startup_stm32f10x_hd.o(HEAP)
    STACK                                    0x200008c8   Section     1024  startup_stm32f10x_hd.o(STACK)
    Stack_Mem                                0x200008c8   Data        1024  startup_stm32f10x_hd.o(STACK)
    __initial_sp                             0x20000cc8   Data           0  startup_stm32f10x_hd.o(STACK)

    Global Symbols

    Symbol Name                              Value     Ov Type        Size  Object(Section)

    BuildAttributes$$THM_ISAv4$P$D$K$B$S$PE$A:L22UL41UL21$X:L11$S22US41US21$IEEE1$IW$USESV6$~STKCKD$USESV7$~SHL$OTIME$ROPI$IEEEX$EBA8$UX$STANDARDLIB$REQ8$PRES8$EABIv2 0x00000000   Number         0  anon$$obj.o ABSOLUTE
    __ARM_use_no_argv                        0x00000000   Number         0  main.o ABSOLUTE
    _printf_flags                            0x00000000   Number         0  printf_stubs.o ABSOLUTE
    _printf_return_value                     0x00000000   Number         0  printf_stubs.o ABSOLUTE
    _printf_sizespec                         0x00000000   Number         0  printf_stubs.o ABSOLUTE
    _printf_widthprec                        0x00000000   Number         0  printf_stubs.o ABSOLUTE
    __ARM_exceptions_init                     - Undefined Weak Reference
    __alloca_initialize                       - Undefined Weak Reference
    __arm_preinit_                            - Undefined Weak Reference
    __cpp_initialize__aeabi_                  - Undefined Weak Reference
    __cxa_finalize                            - Undefined Weak Reference
    __sigvec_lookup                           - Undefined Weak Reference
    _atexit_init                              - Undefined Weak Reference
    _call_atexit_fns                          - Undefined Weak Reference
    _clock_init                               - Undefined Weak Reference
    _fp_trap_init                             - Undefined Weak Reference
    _fp_trap_shutdown                         - Undefined Weak Reference
    _get_lc_collate                           - Undefined Weak Reference
    _get_lc_ctype                             - Undefined Weak Reference
    _get_lc_monetary                          - Undefined Weak Reference
    _get_lc_time                              - Undefined Weak Reference
    _getenv_init                              - Undefined Weak Reference
    _handle_redirection                       - Undefined Weak Reference
    _init_alloc                               - Undefined Weak Reference
    _init_user_alloc                          - Undefined Weak Reference
    _initio                                   - Undefined Weak Reference
    _mutex_acquire                            - Undefined Weak Reference
    _mutex_release                            - Undefined Weak Reference
    _printf_truncate_signed                   - Undefined Weak Reference
    _printf_truncate_unsigned                 - Undefined Weak Reference
    _rand_init                                - Undefined Weak Reference
    _signal_finish                            - Undefined Weak Reference
    _signal_init                              - Undefined Weak Reference
    _terminate_alloc                          - Undefined Weak Reference
    _terminate_user_alloc                     - Undefined Weak Reference
    _terminateio                              - Undefined Weak Reference
    __Vectors_Size                           0x00000130   Number         0  startup_stm32f10x_hd.o ABSOLUTE
    __Vectors                                0x08000000   Data           4  startup_stm32f10x_hd.o(RESET)
    __Vectors_End                            0x08000130   Data           0  startup_stm32f10x_hd.o(RESET)
    __main                                   0x08000131   Thumb Code     8  __main.o(!!!main)
    __scatterload                            0x08000139   Thumb Code     0  __scatter.o(!!!scatter)
    __scatterload_rt2                        0x08000139   Thumb Code    44  __scatter.o(!!!scatter)
    __scatterload_rt2_thumb_only             0x08000139   Thumb Code     0  __scatter.o(!!!scatter)
    __scatterload_null                       0x08000147   Thumb Code     0  __scatter.o(!!!scatter)
    __decompress                             0x0800016d   Thumb Code    90  __dczerorl2.o(!!dczerorl2)
    __decompress1                            0x0800016d   Thumb Code     0  __dczerorl2.o(!!dczerorl2)
    __scatterload_zeroinit                   0x080001c9   Thumb Code    28  __scatter_zi.o(!!handler_zi)
    _printf_f                                0x080001e5   Thumb Code     0  _printf_f.o(.ARM.Collect$$_printf_percent$$00000003)
    _printf_percent                          0x080001e5   Thumb Code     0  _printf_percent.o(.ARM.Collect$$_printf_percent$$00000000)
    _printf_d                                0x080001eb   Thumb Code     0  _printf_d.o(.ARM.Collect$$_printf_percent$$00000009)
    _printf_percent_end                      0x080001f1   Thumb Code     0  _printf_percent_end.o(.ARM.Collect$$_printf_percent$$00000017)
    __rt_lib_init                            0x080001f5   Thumb Code     0  libinit.o(.ARM.Collect$$libinit$$00000000)
    __rt_lib_init_fp_1                       0x080001f7   Thumb Code     0  libinit2.o(.ARM.Collect$$libinit$$00000002)
    __rt_lib_init_heap_1                     0x080001f7   Thumb Code     0  libinit2.o(.ARM.Collect$$libinit$$0000000A)
    __rt_lib_init_lc_common                  0x080001f7   Thumb Code     0  libinit2.o(.ARM.Collect$$libinit$$0000000F)
    __rt_lib_init_preinit_1                  0x080001f7   Thumb Code     0  libinit2.o(.ARM.Collect$$libinit$$00000004)
    __rt_lib_init_rand_1                     0x080001f7   Thumb Code     0  libinit2.o(.ARM.Collect$$libinit$$0000000E)
    __rt_lib_init_user_alloc_1               0x080001f7   Thumb Code     0  libinit2.o(.ARM.Collect$$libinit$$0000000C)
    __rt_lib_init_lc_collate_1               0x080001fd   Thumb Code     0  libinit2.o(.ARM.Collect$$libinit$$00000011)
    __rt_lib_init_lc_ctype_1                 0x080001fd   Thumb Code     0  libinit2.o(.ARM.Collect$$libinit$$00000013)
    __rt_lib_init_lc_monetary_1              0x080001fd   Thumb Code     0  libinit2.o(.ARM.Collect$$libinit$$00000015)
    __rt_lib_init_lc_numeric_2               0x080001fd   Thumb Code     0  libinit2.o(.ARM.Collect$$libinit$$00000016)
    __rt_lib_init_alloca_1                   0x08000207   Thumb Code     0  libinit2.o(.ARM.Collect$$libinit$$0000002E)
    __rt_lib_init_argv_1                     0x08000207   Thumb Code     0  libinit2.o(.ARM.Collect$$libinit$$0000002C)
    __rt_lib_init_atexit_1                   0x08000207   Thumb Code     0  libinit2.o(.ARM.Collect$$libinit$$0000001B)
    __rt_lib_init_clock_1                    0x08000207   Thumb Code     0  libinit2.o(.ARM.Collect$$libinit$$00000021)
    __rt_lib_init_cpp_1                      0x08000207   Thumb Code     0  libinit2.o(.ARM.Collect$$libinit$$00000032)
    __rt_lib_init_exceptions_1               0x08000207   Thumb Code     0  libinit2.o(.ARM.Collect$$libinit$$00000030)
    __rt_lib_init_fp_trap_1                  0x08000207   Thumb Code     0  libinit2.o(.ARM.Collect$$libinit$$0000001F)
    __rt_lib_init_getenv_1                   0x08000207   Thumb Code     0  libinit2.o(.ARM.Collect$$libinit$$00000023)
    __rt_lib_init_lc_numeric_1               0x08000207   Thumb Code     0  libinit2.o(.ARM.Collect$$libinit$$00000017)
    __rt_lib_init_lc_time_1                  0x08000207   Thumb Code     0  libinit2.o(.ARM.Collect$$libinit$$00000019)
    __rt_lib_init_return                     0x08000207   Thumb Code     0  libinit2.o(.ARM.Collect$$libinit$$00000033)
    __rt_lib_init_signal_1                   0x08000207   Thumb Code     0  libinit2.o(.ARM.Collect$$libinit$$0000001D)
    __rt_lib_init_stdio_1                    0x08000207   Thumb Code     0  libinit2.o(.ARM.Collect$$libinit$$00000025)
    __rt_lib_shutdown                        0x08000209   Thumb Code     0  libshutdown.o(.ARM.Collect$$libshutdown$$00000000)
    __rt_lib_shutdown_fp_trap_1              0x0800020b   Thumb Code     0  libshutdown2.o(.ARM.Collect$$libshutdown$$00000006)
    __rt_lib_shutdown_heap_1                 0x0800020b   Thumb Code     0  libshutdown2.o(.ARM.Collect$$libshutdown$$0000000E)
    __rt_lib_shutdown_return                 0x0800020b   Thumb Code     0  libshutdown2.o(.ARM.Collect$$libshutdown$$0000000F)
    __rt_lib_shutdown_signal_1               0x0800020b   Thumb Code     0  libshutdown2.o(.ARM.Collect$$libshutdown$$00000009)
    __rt_lib_shutdown_stdio_1                0x0800020b   Thumb Code     0  libshutdown2.o(.ARM.Collect$$libshutdown$$00000003)
    __rt_lib_shutdown_user_alloc_1           0x0800020b   Thumb Code     0  libshutdown2.o(.ARM.Collect$$libshutdown$$0000000B)
    __rt_entry                               0x0800020d   Thumb Code     0  __rtentry.o(.ARM.Collect$$rtentry$$00000000)
    __rt_entry_presh_1                       0x0800020d   Thumb Code     0  __rtentry2.o(.ARM.Collect$$rtentry$$00000002)
    __rt_entry_sh                            0x0800020d   Thumb Code     0  __rtentry4.o(.ARM.Collect$$rtentry$$00000004)
    __rt_entry_li                            0x08000213   Thumb Code     0  __rtentry2.o(.ARM.Collect$$rtentry$$0000000A)
    __rt_entry_postsh_1                      0x08000213   Thumb Code     0  __rtentry2.o(.ARM.Collect$$rtentry$$00000009)
    __rt_entry_main                          0x08000217   Thumb Code     0  __rtentry2.o(.ARM.Collect$$rtentry$$0000000D)
    __rt_entry_postli_1                      0x08000217   Thumb Code     0  __rtentry2.o(.ARM.Collect$$rtentry$$0000000C)
    __rt_exit                                0x0800021f   Thumb Code     0  rtexit.o(.ARM.Collect$$rtexit$$00000000)
    __rt_exit_ls                             0x08000221   Thumb Code     0  rtexit2.o(.ARM.Collect$$rtexit$$00000003)
    __rt_exit_prels_1                        0x08000221   Thumb Code     0  rtexit2.o(.ARM.Collect$$rtexit$$00000002)
    __rt_exit_exit                           0x08000225   Thumb Code     0  rtexit2.o(.ARM.Collect$$rtexit$$00000004)
    Sys_Init                                 0x0800022d   Thumb Code    58  main.o(.text)
    main                                     0x08000267   Thumb Code   534  main.o(.text)
    read_paper                               0x0800047d   Thumb Code    76  main.o(.text)
    NMI_Handler                              0x080005a1   Thumb Code     2  stm32f10x_it.o(.text)
    HardFault_Handler                        0x080005a3   Thumb Code     4  stm32f10x_it.o(.text)
    MemManage_Handler                        0x080005a7   Thumb Code     4  stm32f10x_it.o(.text)
    BusFault_Handler                         0x080005ab   Thumb Code     4  stm32f10x_it.o(.text)
    UsageFault_Handler                       0x080005af   Thumb Code     4  stm32f10x_it.o(.text)
    SVC_Handler                              0x080005b3   Thumb Code     2  stm32f10x_it.o(.text)
    DebugMon_Handler                         0x080005b5   Thumb Code     2  stm32f10x_it.o(.text)
    PendSV_Handler                           0x080005b7   Thumb Code     2  stm32f10x_it.o(.text)
    SysTick_Handler                          0x080005b9   Thumb Code     2  stm32f10x_it.o(.text)
    SystemInit                               0x0800069b   Thumb Code    78  system_stm32f10x.o(.text)
    SystemCoreClockUpdate                    0x080006e9   Thumb Code   142  system_stm32f10x.o(.text)
    LED_Init                                 0x0800079d   Thumb Code    46  led.o(.text)
    FDC_IIC_Delay                            0x080007d1   Thumb Code    10  fdc2214.o(.text)
    FDC_GPIO_Init                            0x080007db   Thumb Code     2  fdc2214.o(.text)
    FDC_IIC_Init                             0x080007dd   Thumb Code    46  fdc2214.o(.text)
    FDC_IIC_Start                            0x0800080b   Thumb Code    60  fdc2214.o(.text)
    FDC_IIC_Stop                             0x08000847   Thumb Code    62  fdc2214.o(.text)
    FDC_IIC_Wait_Ack                         0x08000885   Thumb Code    86  fdc2214.o(.text)
    FDC_IIC_Ack                              0x080008db   Thumb Code    52  fdc2214.o(.text)
    FDC_IIC_NAck                             0x0800090f   Thumb Code    66  fdc2214.o(.text)
    FDC_IIC_Send_Byte                        0x08000951   Thumb Code    82  fdc2214.o(.text)
    FDC_IIC_Read_Byte                        0x080009a3   Thumb Code    96  fdc2214.o(.text)
    Set_FDC2214                              0x08000a03   Thumb Code    90  fdc2214.o(.text)
    FDC_Read                                 0x08000a5d   Thumb Code    66  fdc2214.o(.text)
    FCD2214_ReadCH                           0x08000a9f   Thumb Code   120  fdc2214.o(.text)
    FDC2214_Init                             0x08000b17   Thumb Code   248  fdc2214.o(.text)
    Cap_Calculate                            0x08000c0f   Thumb Code    58  fdc2214.o(.text)
    IIColed_Start                            0x08000c55   Thumb Code    36  oled.o(.text)
    IIColed_Stop                             0x08000c79   Thumb Code    28  oled.o(.text)
    IIColed_Wait_Ack                         0x08000c95   Thumb Code    20  oled.o(.text)
    Write_IIC_Byte                           0x08000ca9   Thumb Code    80  oled.o(.text)
    Write_IIC_Command                        0x08000cf9   Thumb Code    44  oled.o(.text)
    Write_IIC_Data                           0x08000d25   Thumb Code    44  oled.o(.text)
    OLED_WR_Byte                             0x08000d51   Thumb Code    24  oled.o(.text)
    fill_picture                             0x08000d69   Thumb Code    64  oled.o(.text)
    Delay_50ms                               0x08000da9   Thumb Code    22  oled.o(.text)
    Delay_1ms                                0x08000dbf   Thumb Code    26  oled.o(.text)
    OLED_Set_Pos                             0x08000dd9   Thumb Code    40  oled.o(.text)
    OLED_Display_On                          0x08000e01   Thumb Code    28  oled.o(.text)
    OLED_Display_Off                         0x08000e1d   Thumb Code    28  oled.o(.text)
    OLED_Clear                               0x08000e39   Thumb Code    62  oled.o(.text)
    OLED_On                                  0x08000e77   Thumb Code    62  oled.o(.text)
    OLED_ShowChar                            0x08000eb5   Thumb Code   154  oled.o(.text)
    oled_pow                                 0x08000f4f   Thumb Code    22  oled.o(.text)
    OLED_ShowNum                             0x08000f65   Thumb Code   136  oled.o(.text)
    OLED_ShowString                          0x08000fed   Thumb Code    58  oled.o(.text)
    OLED_ShowCHinese                         0x08001027   Thumb Code   112  oled.o(.text)
    OLED_DrawBMP                             0x08001097   Thumb Code   118  oled.o(.text)
    OLED_Init                                0x0800110d   Thumb Code   268  oled.o(.text)
    KEY_Init                                 0x08001221   Thumb Code    52  key.o(.text)
    KEY_Scan                                 0x08001255   Thumb Code   150  key.o(.text)
    Get_Adc_Average                          0x080012f9   Thumb Code    62  filtering.o(.text)
    Median_Filter                            0x08001337   Thumb Code   134  filtering.o(.text)
    Slide_Filter                             0x080013bd   Thumb Code    62  filtering.o(.text)
    LAET_Filter                              0x080013fb   Thumb Code   104  filtering.o(.text)
    kalmanFilter                             0x08001463   Thumb Code    98  filtering.o(.text)
    get_paper                                0x080014c5   Thumb Code   124  filtering.o(.text)
    newdon                                   0x08001541   Thumb Code   194  filtering.o(.text)
    get_paper_mi                             0x08001603   Thumb Code  1344  filtering.o(.text)
    BEEP_Init                                0x08001b8d   Thumb Code    50  beep.o(.text)
    EXTIX_Init                               0x08001bc5   Thumb Code    70  exti.o(.text)
    EXTI0_IRQHandler                         0x08001c0b   Thumb Code    32  exti.o(.text)
    delay_init                               0x08001c35   Thumb Code    50  delay.o(.text)
    delay_us                                 0x08001c67   Thumb Code    72  delay.o(.text)
    delay_ms                                 0x08001caf   Thumb Code    72  delay.o(.text)
    NVIC_Configuration                       0x08001d09   Thumb Code    12  sys.o(.text)
    _sys_exit                                0x08001d15   Thumb Code     6  usart.o(.text)
    fputc                                    0x08001d1b   Thumb Code    24  usart.o(.text)
    uart_init                                0x08001d33   Thumb Code   152  usart.o(.text)
    USART1_IRQHandler                        0x08001dcb   Thumb Code   122  usart.o(.text)
    USART1_Send_Byte                         0x08001e45   Thumb Code    28  usart.o(.text)
    NVIC_PriorityGroupConfig                 0x08001e71   Thumb Code    10  misc.o(.text)
    NVIC_Init                                0x08001e7b   Thumb Code   100  misc.o(.text)
    NVIC_SetVectorTable                      0x08001edf   Thumb Code    14  misc.o(.text)
    NVIC_SystemLPConfig                      0x08001eed   Thumb Code    34  misc.o(.text)
    SysTick_CLKSourceConfig                  0x08001f0f   Thumb Code    40  misc.o(.text)
    EXTI_DeInit                              0x08001f4d   Thumb Code    28  stm32f10x_exti.o(.text)
    EXTI_Init                                0x08001f69   Thumb Code   142  stm32f10x_exti.o(.text)
    EXTI_StructInit                          0x08001ff7   Thumb Code    16  stm32f10x_exti.o(.text)
    EXTI_GenerateSWInterrupt                 0x08002007   Thumb Code    16  stm32f10x_exti.o(.text)
    EXTI_GetFlagStatus                       0x08002017   Thumb Code    22  stm32f10x_exti.o(.text)
    EXTI_ClearFlag                           0x0800202d   Thumb Code     8  stm32f10x_exti.o(.text)
    EXTI_GetITStatus                         0x08002035   Thumb Code    34  stm32f10x_exti.o(.text)
    EXTI_ClearITPendingBit                   0x08002057   Thumb Code     8  stm32f10x_exti.o(.text)
    GPIO_DeInit                              0x08002069   Thumb Code   172  stm32f10x_gpio.o(.text)
    GPIO_AFIODeInit                          0x08002115   Thumb Code    20  stm32f10x_gpio.o(.text)
    GPIO_Init                                0x08002129   Thumb Code   278  stm32f10x_gpio.o(.text)
    GPIO_StructInit                          0x0800223f   Thumb Code    16  stm32f10x_gpio.o(.text)
    GPIO_ReadInputDataBit                    0x0800224f   Thumb Code    18  stm32f10x_gpio.o(.text)
    GPIO_ReadInputData                       0x08002261   Thumb Code     8  stm32f10x_gpio.o(.text)
    GPIO_ReadOutputDataBit                   0x08002269   Thumb Code    18  stm32f10x_gpio.o(.text)
    GPIO_ReadOutputData                      0x0800227b   Thumb Code     8  stm32f10x_gpio.o(.text)
    GPIO_SetBits                             0x08002283   Thumb Code     4  stm32f10x_gpio.o(.text)
    GPIO_ResetBits                           0x08002287   Thumb Code     4  stm32f10x_gpio.o(.text)
    GPIO_WriteBit                            0x0800228b   Thumb Code    10  stm32f10x_gpio.o(.text)
    GPIO_Write                               0x08002295   Thumb Code     4  stm32f10x_gpio.o(.text)
    GPIO_PinLockConfig                       0x08002299   Thumb Code    18  stm32f10x_gpio.o(.text)
    GPIO_EventOutputConfig                   0x080022ab   Thumb Code    26  stm32f10x_gpio.o(.text)
    GPIO_EventOutputCmd                      0x080022c5   Thumb Code     6  stm32f10x_gpio.o(.text)
    GPIO_PinRemapConfig                      0x080022cb   Thumb Code   138  stm32f10x_gpio.o(.text)
    GPIO_EXTILineConfig                      0x08002355   Thumb Code    66  stm32f10x_gpio.o(.text)
    GPIO_ETH_MediaInterfaceConfig            0x08002397   Thumb Code     8  stm32f10x_gpio.o(.text)
    RCC_DeInit                               0x080023c5   Thumb Code    64  stm32f10x_rcc.o(.text)
    RCC_HSEConfig                            0x08002405   Thumb Code    70  stm32f10x_rcc.o(.text)
    RCC_GetFlagStatus                        0x0800244b   Thumb Code    56  stm32f10x_rcc.o(.text)
    RCC_WaitForHSEStartUp                    0x08002483   Thumb Code    56  stm32f10x_rcc.o(.text)
    RCC_AdjustHSICalibrationValue            0x080024bb   Thumb Code    20  stm32f10x_rcc.o(.text)
    RCC_HSICmd                               0x080024cf   Thumb Code     6  stm32f10x_rcc.o(.text)
    RCC_PLLConfig                            0x080024d5   Thumb Code    24  stm32f10x_rcc.o(.text)
    RCC_PLLCmd                               0x080024ed   Thumb Code     6  stm32f10x_rcc.o(.text)
    RCC_SYSCLKConfig                         0x080024f3   Thumb Code    18  stm32f10x_rcc.o(.text)
    RCC_GetSYSCLKSource                      0x08002505   Thumb Code    10  stm32f10x_rcc.o(.text)
    RCC_HCLKConfig                           0x0800250f   Thumb Code    18  stm32f10x_rcc.o(.text)
    RCC_PCLK1Config                          0x08002521   Thumb Code    18  stm32f10x_rcc.o(.text)
    RCC_PCLK2Config                          0x08002533   Thumb Code    20  stm32f10x_rcc.o(.text)
    RCC_ITConfig                             0x08002547   Thumb Code    26  stm32f10x_rcc.o(.text)
    RCC_USBCLKConfig                         0x08002561   Thumb Code     8  stm32f10x_rcc.o(.text)
    RCC_ADCCLKConfig                         0x08002569   Thumb Code    18  stm32f10x_rcc.o(.text)
    RCC_LSEConfig                            0x0800257b   Thumb Code    50  stm32f10x_rcc.o(.text)
    RCC_LSICmd                               0x080025ad   Thumb Code     6  stm32f10x_rcc.o(.text)
    RCC_RTCCLKConfig                         0x080025b3   Thumb Code    12  stm32f10x_rcc.o(.text)
    RCC_RTCCLKCmd                            0x080025bf   Thumb Code     8  stm32f10x_rcc.o(.text)
    RCC_GetClocksFreq                        0x080025c7   Thumb Code   192  stm32f10x_rcc.o(.text)
    RCC_AHBPeriphClockCmd                    0x08002687   Thumb Code    26  stm32f10x_rcc.o(.text)
    RCC_APB2PeriphClockCmd                   0x080026a1   Thumb Code    26  stm32f10x_rcc.o(.text)
    RCC_APB1PeriphClockCmd                   0x080026bb   Thumb Code    26  stm32f10x_rcc.o(.text)
    RCC_APB2PeriphResetCmd                   0x080026d5   Thumb Code    26  stm32f10x_rcc.o(.text)
    RCC_APB1PeriphResetCmd                   0x080026ef   Thumb Code    26  stm32f10x_rcc.o(.text)
    RCC_BackupResetCmd                       0x08002709   Thumb Code     8  stm32f10x_rcc.o(.text)
    RCC_ClockSecuritySystemCmd               0x08002711   Thumb Code     6  stm32f10x_rcc.o(.text)
    RCC_MCOConfig                            0x08002717   Thumb Code     6  stm32f10x_rcc.o(.text)
    RCC_ClearFlag                            0x0800271d   Thumb Code    14  stm32f10x_rcc.o(.text)
    RCC_GetITStatus                          0x0800272b   Thumb Code    20  stm32f10x_rcc.o(.text)
    RCC_ClearITPendingBit                    0x0800273f   Thumb Code     6  stm32f10x_rcc.o(.text)
    USART_DeInit                             0x08002769   Thumb Code   134  stm32f10x_usart.o(.text)
    USART_Init                               0x080027ef   Thumb Code   210  stm32f10x_usart.o(.text)
    USART_StructInit                         0x080028c1   Thumb Code    24  stm32f10x_usart.o(.text)
    USART_ClockInit                          0x080028d9   Thumb Code    34  stm32f10x_usart.o(.text)
    USART_ClockStructInit                    0x080028fb   Thumb Code    12  stm32f10x_usart.o(.text)
    USART_Cmd                                0x08002907   Thumb Code    24  stm32f10x_usart.o(.text)
    USART_ITConfig                           0x0800291f   Thumb Code    74  stm32f10x_usart.o(.text)
    USART_DMACmd                             0x08002969   Thumb Code    18  stm32f10x_usart.o(.text)
    USART_SetAddress                         0x0800297b   Thumb Code    18  stm32f10x_usart.o(.text)
    USART_WakeUpConfig                       0x0800298d   Thumb Code    18  stm32f10x_usart.o(.text)
    USART_ReceiverWakeUpCmd                  0x0800299f   Thumb Code    24  stm32f10x_usart.o(.text)
    USART_LINBreakDetectLengthConfig         0x080029b7   Thumb Code    18  stm32f10x_usart.o(.text)
    USART_LINCmd                             0x080029c9   Thumb Code    24  stm32f10x_usart.o(.text)
    USART_SendData                           0x080029e1   Thumb Code     8  stm32f10x_usart.o(.text)
    USART_ReceiveData                        0x080029e9   Thumb Code    10  stm32f10x_usart.o(.text)
    USART_SendBreak                          0x080029f3   Thumb Code    10  stm32f10x_usart.o(.text)
    USART_SetGuardTime                       0x080029fd   Thumb Code    16  stm32f10x_usart.o(.text)
    USART_SetPrescaler                       0x08002a0d   Thumb Code    16  stm32f10x_usart.o(.text)
    USART_SmartCardCmd                       0x08002a1d   Thumb Code    24  stm32f10x_usart.o(.text)
    USART_SmartCardNACKCmd                   0x08002a35   Thumb Code    24  stm32f10x_usart.o(.text)
    USART_HalfDuplexCmd                      0x08002a4d   Thumb Code    24  stm32f10x_usart.o(.text)
    USART_OverSampling8Cmd                   0x08002a65   Thumb Code    22  stm32f10x_usart.o(.text)
    USART_OneBitMethodCmd                    0x08002a7b   Thumb Code    24  stm32f10x_usart.o(.text)
    USART_IrDAConfig                         0x08002a93   Thumb Code    18  stm32f10x_usart.o(.text)
    USART_IrDACmd                            0x08002aa5   Thumb Code    24  stm32f10x_usart.o(.text)
    USART_GetFlagStatus                      0x08002abd   Thumb Code    26  stm32f10x_usart.o(.text)
    USART_ClearFlag                          0x08002ad7   Thumb Code    18  stm32f10x_usart.o(.text)
    USART_GetITStatus                        0x08002ae9   Thumb Code    84  stm32f10x_usart.o(.text)
    USART_ClearITPendingBit                  0x08002b3d   Thumb Code    52  stm32f10x_usart.o(.text)
    Reset_Handler                            0x08002b71   Thumb Code     8  startup_stm32f10x_hd.o(.text)
    ADC1_2_IRQHandler                        0x08002b8b   Thumb Code     0  startup_stm32f10x_hd.o(.text)
    ADC3_IRQHandler                          0x08002b8b   Thumb Code     0  startup_stm32f10x_hd.o(.text)
    CAN1_RX1_IRQHandler                      0x08002b8b   Thumb Code     0  startup_stm32f10x_hd.o(.text)
    CAN1_SCE_IRQHandler                      0x08002b8b   Thumb Code     0  startup_stm32f10x_hd.o(.text)
    DMA1_Channel1_IRQHandler                 0x08002b8b   Thumb Code     0  startup_stm32f10x_hd.o(.text)
    DMA1_Channel2_IRQHandler                 0x08002b8b   Thumb Code     0  startup_stm32f10x_hd.o(.text)
    DMA1_Channel3_IRQHandler                 0x08002b8b   Thumb Code     0  startup_stm32f10x_hd.o(.text)
    DMA1_Channel4_IRQHandler                 0x08002b8b   Thumb Code     0  startup_stm32f10x_hd.o(.text)
    DMA1_Channel5_IRQHandler                 0x08002b8b   Thumb Code     0  startup_stm32f10x_hd.o(.text)
    DMA1_Channel6_IRQHandler                 0x08002b8b   Thumb Code     0  startup_stm32f10x_hd.o(.text)
    DMA1_Channel7_IRQHandler                 0x08002b8b   Thumb Code     0  startup_stm32f10x_hd.o(.text)
    DMA2_Channel1_IRQHandler                 0x08002b8b   Thumb Code     0  startup_stm32f10x_hd.o(.text)
    DMA2_Channel2_IRQHandler                 0x08002b8b   Thumb Code     0  startup_stm32f10x_hd.o(.text)
    DMA2_Channel3_IRQHandler                 0x08002b8b   Thumb Code     0  startup_stm32f10x_hd.o(.text)
    DMA2_Channel4_5_IRQHandler               0x08002b8b   Thumb Code     0  startup_stm32f10x_hd.o(.text)
    EXTI15_10_IRQHandler                     0x08002b8b   Thumb Code     0  startup_stm32f10x_hd.o(.text)
    EXTI1_IRQHandler                         0x08002b8b   Thumb Code     0  startup_stm32f10x_hd.o(.text)
    EXTI2_IRQHandler                         0x08002b8b   Thumb Code     0  startup_stm32f10x_hd.o(.text)
    EXTI3_IRQHandler                         0x08002b8b   Thumb Code     0  startup_stm32f10x_hd.o(.text)
    EXTI4_IRQHandler                         0x08002b8b   Thumb Code     0  startup_stm32f10x_hd.o(.text)
    EXTI9_5_IRQHandler                       0x08002b8b   Thumb Code     0  startup_stm32f10x_hd.o(.text)
    FLASH_IRQHandler                         0x08002b8b   Thumb Code     0  startup_stm32f10x_hd.o(.text)
    FSMC_IRQHandler                          0x08002b8b   Thumb Code     0  startup_stm32f10x_hd.o(.text)
    I2C1_ER_IRQHandler                       0x08002b8b   Thumb Code     0  startup_stm32f10x_hd.o(.text)
    I2C1_EV_IRQHandler                       0x08002b8b   Thumb Code     0  startup_stm32f10x_hd.o(.text)
    I2C2_ER_IRQHandler                       0x08002b8b   Thumb Code     0  startup_stm32f10x_hd.o(.text)
    I2C2_EV_IRQHandler                       0x08002b8b   Thumb Code     0  startup_stm32f10x_hd.o(.text)
    PVD_IRQHandler                           0x08002b8b   Thumb Code     0  startup_stm32f10x_hd.o(.text)
    RCC_IRQHandler                           0x08002b8b   Thumb Code     0  startup_stm32f10x_hd.o(.text)
    RTCAlarm_IRQHandler                      0x08002b8b   Thumb Code     0  startup_stm32f10x_hd.o(.text)
    RTC_IRQHandler                           0x08002b8b   Thumb Code     0  startup_stm32f10x_hd.o(.text)
    SDIO_IRQHandler                          0x08002b8b   Thumb Code     0  startup_stm32f10x_hd.o(.text)
    SPI1_IRQHandler                          0x08002b8b   Thumb Code     0  startup_stm32f10x_hd.o(.text)
    SPI2_IRQHandler                          0x08002b8b   Thumb Code     0  startup_stm32f10x_hd.o(.text)
    SPI3_IRQHandler                          0x08002b8b   Thumb Code     0  startup_stm32f10x_hd.o(.text)
    TAMPER_IRQHandler                        0x08002b8b   Thumb Code     0  startup_stm32f10x_hd.o(.text)
    TIM1_BRK_IRQHandler                      0x08002b8b   Thumb Code     0  startup_stm32f10x_hd.o(.text)
    TIM1_CC_IRQHandler                       0x08002b8b   Thumb Code     0  startup_stm32f10x_hd.o(.text)
    TIM1_TRG_COM_IRQHandler                  0x08002b8b   Thumb Code     0  startup_stm32f10x_hd.o(.text)
    TIM1_UP_IRQHandler                       0x08002b8b   Thumb Code     0  startup_stm32f10x_hd.o(.text)
    TIM2_IRQHandler                          0x08002b8b   Thumb Code     0  startup_stm32f10x_hd.o(.text)
    TIM3_IRQHandler                          0x08002b8b   Thumb Code     0  startup_stm32f10x_hd.o(.text)
    TIM4_IRQHandler                          0x08002b8b   Thumb Code     0  startup_stm32f10x_hd.o(.text)
    TIM5_IRQHandler                          0x08002b8b   Thumb Code     0  startup_stm32f10x_hd.o(.text)
    TIM6_IRQHandler                          0x08002b8b   Thumb Code     0  startup_stm32f10x_hd.o(.text)
    TIM7_IRQHandler                          0x08002b8b   Thumb Code     0  startup_stm32f10x_hd.o(.text)
    TIM8_BRK_IRQHandler                      0x08002b8b   Thumb Code     0  startup_stm32f10x_hd.o(.text)
    TIM8_CC_IRQHandler                       0x08002b8b   Thumb Code     0  startup_stm32f10x_hd.o(.text)
    TIM8_TRG_COM_IRQHandler                  0x08002b8b   Thumb Code     0  startup_stm32f10x_hd.o(.text)
    TIM8_UP_IRQHandler                       0x08002b8b   Thumb Code     0  startup_stm32f10x_hd.o(.text)
    UART4_IRQHandler                         0x08002b8b   Thumb Code     0  startup_stm32f10x_hd.o(.text)
    UART5_IRQHandler                         0x08002b8b   Thumb Code     0  startup_stm32f10x_hd.o(.text)
    USART2_IRQHandler                        0x08002b8b   Thumb Code     0  startup_stm32f10x_hd.o(.text)
    USART3_IRQHandler                        0x08002b8b   Thumb Code     0  startup_stm32f10x_hd.o(.text)
    USBWakeUp_IRQHandler                     0x08002b8b   Thumb Code     0  startup_stm32f10x_hd.o(.text)
    USB_HP_CAN1_TX_IRQHandler                0x08002b8b   Thumb Code     0  startup_stm32f10x_hd.o(.text)
    USB_LP_CAN1_RX0_IRQHandler               0x08002b8b   Thumb Code     0  startup_stm32f10x_hd.o(.text)
    WWDG_IRQHandler                          0x08002b8b   Thumb Code     0  startup_stm32f10x_hd.o(.text)
    __user_initial_stackheap                 0x08002b8d   Thumb Code     0  startup_stm32f10x_hd.o(.text)
    __use_no_semihosting                     0x08002bb1   Thumb Code     2  use_no_semi_2.o(.text)
    __2printf                                0x08002bb5   Thumb Code    20  noretval__2printf.o(.text)
    __2sprintf                               0x08002bcd   Thumb Code    34  noretval__2sprintf.o(.text)
    _printf_pre_padding                      0x08002bf5   Thumb Code    44  _printf_pad.o(.text)
    _printf_post_padding                     0x08002c21   Thumb Code    34  _printf_pad.o(.text)
    _printf_int_dec                          0x08002c45   Thumb Code   104  _printf_dec.o(.text)
    __printf                                 0x08002cbd   Thumb Code   270  __printf_wp.o(.text)
    __use_two_region_memory                  0x08002dcb   Thumb Code     2  heapauxi.o(.text)
    __rt_heap_escrow$2region                 0x08002dcd   Thumb Code     2  heapauxi.o(.text)
    __rt_heap_expand$2region                 0x08002dcf   Thumb Code     2  heapauxi.o(.text)
    __I$use$semihosting                      0x08002dd1   Thumb Code     0  use_no_semi.o(.text)
    __use_no_semihosting_swi                 0x08002dd1   Thumb Code     2  use_no_semi.o(.text)
    __read_errno                             0x08002dd3   Thumb Code    10  _rserrno.o(.text)
    __set_errno                              0x08002ddd   Thumb Code    12  _rserrno.o(.text)
    _printf_int_common                       0x08002de9   Thumb Code   178  _printf_intcommon.o(.text)
    __lib_sel_fp_printf                      0x08002e9b   Thumb Code     2  _printf_fp_dec.o(.text)
    _printf_fp_dec_real                      0x08003049   Thumb Code   620  _printf_fp_dec.o(.text)
    _printf_char_common                      0x080032bf   Thumb Code    32  _printf_char_common.o(.text)
    _sputc                                   0x080032e5   Thumb Code    10  _sputc.o(.text)
    _printf_char_file                        0x080032f1   Thumb Code    32  _printf_char_file.o(.text)
    __rt_locale                              0x08003315   Thumb Code     8  rt_locale_intlibspace.o(.text)
    __aeabi_errno_addr                       0x0800331d   Thumb Code     8  rt_errno_addr_intlibspace.o(.text)
    __errno$intlibspace                      0x0800331d   Thumb Code     0  rt_errno_addr_intlibspace.o(.text)
    __rt_errno_addr$intlibspace              0x0800331d   Thumb Code     0  rt_errno_addr_intlibspace.o(.text)
    _ll_udiv10                               0x08003325   Thumb Code   138  lludiv10.o(.text)
    _printf_fp_infnan                        0x080033b1   Thumb Code   112  _printf_fp_infnan.o(.text)
    _btod_etento                             0x08003431   Thumb Code   216  bigflt0.o(.text)
    ferror                                   0x0800350d   Thumb Code     8  ferror.o(.text)
    __user_libspace                          0x08003515   Thumb Code     8  libspace.o(.text)
    __user_perproc_libspace                  0x08003515   Thumb Code     0  libspace.o(.text)
    __user_perthread_libspace                0x08003515   Thumb Code     0  libspace.o(.text)
    __user_setup_stackheap                   0x0800351d   Thumb Code    74  sys_stackheap_outer.o(.text)
    exit                                     0x08003567   Thumb Code    12  exit.o(.text)
    strcmp                                   0x08003575   Thumb Code   128  strcmpv7m.o(.text)
    _btod_d2e                                0x080035f5   Thumb Code    62  btod.o(CL$$btod_d2e)
    _d2e_denorm_low                          0x08003633   Thumb Code    70  btod.o(CL$$btod_d2e_denorm_low)
    _d2e_norm_op1                            0x08003679   Thumb Code    96  btod.o(CL$$btod_d2e_norm_op1)
    __btod_div_common                        0x080036d9   Thumb Code   696  btod.o(CL$$btod_div_common)
    _e2e                                     0x08003a11   Thumb Code   198  btod.o(CL$$btod_e2e)
    _btod_ediv                               0x08003ad7   Thumb Code    40  btod.o(CL$$btod_ediv)
    _btod_emul                               0x08003aff   Thumb Code    40  btod.o(CL$$btod_emul)
    __btod_mult_common                       0x08003b27   Thumb Code   580  btod.o(CL$$btod_mult_common)
    __ARM_fpclassify                         0x08003d6b   Thumb Code    40  fpclassify.o(i.__ARM_fpclassify)
    __kernel_poly                            0x08003d93   Thumb Code   170  poly.o(i.__kernel_poly)
    __mathlib_dbl_divzero                    0x08003e3d   Thumb Code    12  dunder.o(i.__mathlib_dbl_divzero)
    __mathlib_dbl_infnan                     0x08003e4d   Thumb Code     6  dunder.o(i.__mathlib_dbl_infnan)
    __mathlib_dbl_infnan2                    0x08003e53   Thumb Code     4  dunder.o(i.__mathlib_dbl_infnan2)
    __mathlib_dbl_invalid                    0x08003e57   Thumb Code    12  dunder.o(i.__mathlib_dbl_invalid)
    __mathlib_dbl_overflow                   0x08003e63   Thumb Code    14  dunder.o(i.__mathlib_dbl_overflow)
    __mathlib_dbl_underflow                  0x08003e71   Thumb Code    10  dunder.o(i.__mathlib_dbl_underflow)
    _is_digit                                0x08003e81   Thumb Code    14  __printf_wp.o(i._is_digit)
    exp                                      0x08003e91   Thumb Code   554  exp.o(i.exp)
    log                                      0x08004115   Thumb Code   808  log.o(i.log)
    pow                                      0x08004471   Thumb Code  2478  pow.o(i.pow)
    powl                                     0x08004e29   Thumb Code     4  powl.o(i.powl)
    sqrt                                     0x08004e2d   Thumb Code    76  sqrt.o(i.sqrt)
    _get_lc_numeric                          0x08004e79   Thumb Code    44  lc_numeric_c.o(locale$$code)
    __aeabi_d2f                              0x08004ea5   Thumb Code     0  d2f.o(x$fpl$d2f)
    _d2f                                     0x08004ea5   Thumb Code    98  d2f.o(x$fpl$d2f)
    __aeabi_dadd                             0x08004f09   Thumb Code     0  daddsub_clz.o(x$fpl$dadd)
    _dadd                                    0x08004f09   Thumb Code   332  daddsub_clz.o(x$fpl$dadd)
    __fpl_dcheck_NaN1                        0x08005059   Thumb Code    10  dcheck1.o(x$fpl$dcheck1)
    __fpl_dcmp_Inf                           0x08005069   Thumb Code    24  dcmpi.o(x$fpl$dcmpinf)
    __aeabi_ddiv                             0x08005081   Thumb Code     0  ddiv.o(x$fpl$ddiv)
    _ddiv                                    0x08005081   Thumb Code   552  ddiv.o(x$fpl$ddiv)
    __aeabi_cdcmpeq                          0x08005331   Thumb Code     0  deqf.o(x$fpl$deqf)
    _dcmpeq                                  0x08005331   Thumb Code   120  deqf.o(x$fpl$deqf)
    __aeabi_d2iz                             0x080053a9   Thumb Code     0  dfix.o(x$fpl$dfix)
    _dfix                                    0x080053a9   Thumb Code    94  dfix.o(x$fpl$dfix)
    __aeabi_i2d                              0x08005407   Thumb Code     0  dflt_clz.o(x$fpl$dflt)
    _dflt                                    0x08005407   Thumb Code    46  dflt_clz.o(x$fpl$dflt)
    __aeabi_ui2d                             0x08005435   Thumb Code     0  dflt_clz.o(x$fpl$dfltu)
    _dfltu                                   0x08005435   Thumb Code    38  dflt_clz.o(x$fpl$dfltu)
    __aeabi_cdcmple                          0x0800545d   Thumb Code     0  dleqf.o(x$fpl$dleqf)
    _dcmple                                  0x0800545d   Thumb Code   120  dleqf.o(x$fpl$dleqf)
    __fpl_dcmple_InfNaN                      0x080054bf   Thumb Code     0  dleqf.o(x$fpl$dleqf)
    __aeabi_dmul                             0x080054d5   Thumb Code     0  dmul.o(x$fpl$dmul)
    _dmul                                    0x080054d5   Thumb Code   332  dmul.o(x$fpl$dmul)
    __fpl_dnaninf                            0x08005629   Thumb Code   156  dnaninf.o(x$fpl$dnaninf)
    __fpl_dretinf                            0x080056c5   Thumb Code    12  dretinf.o(x$fpl$dretinf)
    __aeabi_cdrcmple                         0x080056d1   Thumb Code     0  drleqf.o(x$fpl$drleqf)
    _drcmple                                 0x080056d1   Thumb Code   108  drleqf.o(x$fpl$drleqf)
    __aeabi_drsub                            0x0800573d   Thumb Code     0  daddsub_clz.o(x$fpl$drsb)
    _drsb                                    0x0800573d   Thumb Code    22  daddsub_clz.o(x$fpl$drsb)
    _dsqrt                                   0x08005755   Thumb Code   456  dsqrt_noumaal.o(x$fpl$dsqrt)
    __aeabi_dsub                             0x08005921   Thumb Code     0  daddsub_clz.o(x$fpl$dsub)
    _dsub                                    0x08005921   Thumb Code   464  daddsub_clz.o(x$fpl$dsub)
    __aeabi_f2d                              0x08005af5   Thumb Code     0  f2d.o(x$fpl$f2d)
    _f2d                                     0x08005af5   Thumb Code    86  f2d.o(x$fpl$f2d)
    __aeabi_fadd                             0x08005b4d   Thumb Code     0  faddsub_clz.o(x$fpl$fadd)
    _fadd                                    0x08005b4d   Thumb Code   196  faddsub_clz.o(x$fpl$fadd)
    __fpl_fcmp_Inf                           0x08005c11   Thumb Code    24  fcmpi.o(x$fpl$fcmpinf)
    __aeabi_fdiv                             0x08005c29   Thumb Code     0  fdiv.o(x$fpl$fdiv)
    _fdiv                                    0x08005c29   Thumb Code   384  fdiv.o(x$fpl$fdiv)
    __aeabi_cfcmpeq                          0x08005dad   Thumb Code     0  feqf.o(x$fpl$feqf)
    _fcmpeq                                  0x08005dad   Thumb Code   104  feqf.o(x$fpl$feqf)
    __aeabi_f2iz                             0x08005e15   Thumb Code     0  ffix.o(x$fpl$ffix)
    _ffix                                    0x08005e15   Thumb Code    54  ffix.o(x$fpl$ffix)
    __aeabi_i2f                              0x08005e4d   Thumb Code     0  fflt_clz.o(x$fpl$fflt)
    _fflt                                    0x08005e4d   Thumb Code    48  fflt_clz.o(x$fpl$fflt)
    __aeabi_cfcmple                          0x08005e7d   Thumb Code     0  fleqf.o(x$fpl$fleqf)
    _fcmple                                  0x08005e7d   Thumb Code   104  fleqf.o(x$fpl$fleqf)
    __fpl_fcmple_InfNaN                      0x08005ecf   Thumb Code     0  fleqf.o(x$fpl$fleqf)
    __aeabi_fmul                             0x08005ee5   Thumb Code     0  fmul.o(x$fpl$fmul)
    _fmul                                    0x08005ee5   Thumb Code   258  fmul.o(x$fpl$fmul)
    __fpl_fnaninf                            0x08005fe7   Thumb Code   140  fnaninf.o(x$fpl$fnaninf)
    __fpl_fretinf                            0x08006073   Thumb Code    10  fretinf.o(x$fpl$fretinf)
    __aeabi_cfrcmple                         0x0800607d   Thumb Code     0  frleqf.o(x$fpl$frleqf)
    _frcmple                                 0x0800607d   Thumb Code    98  frleqf.o(x$fpl$frleqf)
    __aeabi_frsub                            0x080060df   Thumb Code     0  faddsub_clz.o(x$fpl$frsb)
    _frsb                                    0x080060df   Thumb Code    20  faddsub_clz.o(x$fpl$frsb)
    __aeabi_fsub                             0x080060f5   Thumb Code     0  faddsub_clz.o(x$fpl$fsub)
    _fsub                                    0x080060f5   Thumb Code   234  faddsub_clz.o(x$fpl$fsub)
    _printf_fp_dec                           0x080061df   Thumb Code     4  printf1.o(x$fpl$printf1)
    __fpl_return_NaN                         0x080061e3   Thumb Code   100  retnan.o(x$fpl$retnan)
    __ARM_scalbn                             0x08006247   Thumb Code    92  scalbn.o(x$fpl$scalbn)
    __fpl_cmpreturn                          0x080062a3   Thumb Code    48  trapv.o(x$fpl$trapveneer)
    F6x8                                     0x080062d2   Data         552  oled.o(.constdata)
    __I$use$fp                               0x080062d2   Number         0  usenofp.o(x$fpl$usenofp)
    F8X16                                    0x080064fa   Data        1520  oled.o(.constdata)
    __mathlib_zero                           0x08006c08   Data           8  qnan.o(.constdata)
    Region$$Table$$Base                      0x08006ca4   Number         0  anon$$obj.o(Region$$Table)
    Region$$Table$$Limit                     0x08006cc4   Number         0  anon$$obj.o(Region$$Table)
    res0                                     0x20000000   Data           4  main.o(.data)
    res1                                     0x20000004   Data           4  main.o(.data)
    res2                                     0x20000008   Data           4  main.o(.data)
    res3                                     0x2000000c   Data           4  main.o(.data)
    min_num                                  0x20000010   Data           4  main.o(.data)
    max_num                                  0x20000014   Data           4  main.o(.data)
    warn_start                               0x20000018   Data           4  main.o(.data)
    key                                      0x2000001c   Data           4  main.o(.data)
    paper_num                                0x20000020   Data           4  main.o(.data)
    Paper_buf                                0x20000024   Data           8  main.o(.data)
    numstar                                  0x2000002c   Data           4  main.o(.data)
    kb                                       0x20000030   Data           4  main.o(.data)
    SystemCoreClock                          0x20000034   Data           4  system_stm32f10x.o(.data)
    AHBPrescTable                            0x20000038   Data          16  system_stm32f10x.o(.data)
    Data_FDC                                 0x20000048   Data           4  fdc2214.o(.data)
    Hzk                                      0x2000004c   Data         896  oled.o(.data)
    __stdout                                 0x200003d4   Data           4  usart.o(.data)
    USART_RX_STA                             0x200003d8   Data           2  usart.o(.data)
    ave                                      0x200003f0   Data          16  main.o(.bss)
    OLED_BUF                                 0x20000400   Data          64  main.o(.bss)
    a                                        0x20000440   Data          32  main.o(.bss)
    b                                        0x20000460   Data         200  main.o(.bss)
    BUF                                      0x20000528   Data          64  filtering.o(.bss)
    filter_buf                               0x20000568   Data          52  filtering.o(.bss)
    USART_RX_BUF                             0x2000059c   Data         200  usart.o(.bss)
    __libspace_start                         0x20000664   Data          96  libspace.o(.bss)
    __temporary_stack_top$libspace           0x200006c4   Data           0  libspace.o(.bss)



==============================================================================

Memory Map of the image

  Image Entry point : 0x08000131

  Load Region LR_IROM1 (Base: 0x08000000, Size: 0x000070d0, Max: 0x00080000, ABSOLUTE, COMPRESSED[0x00006e78])

    Execution Region ER_IROM1 (Base: 0x08000000, Size: 0x00006ce0, Max: 0x00080000, ABSOLUTE)

    Base Addr    Size         Type   Attr      Idx    E Section Name        Object

    0x08000000   0x00000130   Data   RO          464    RESET               startup_stm32f10x_hd.o
    0x08000130   0x00000008   Code   RO          512  * !!!main             c_w.l(__main.o)
    0x08000138   0x00000034   Code   RO          877    !!!scatter          c_w.l(__scatter.o)
    0x0800016c   0x0000005a   Code   RO          875    !!dczerorl2         c_w.l(__dczerorl2.o)
    0x080001c6   0x00000002   PAD
    0x080001c8   0x0000001c   Code   RO          879    !!handler_zi        c_w.l(__scatter_zi.o)
    0x080001e4   0x00000000   Code   RO          509    .ARM.Collect$$_printf_percent$$00000000  c_w.l(_printf_percent.o)
    0x080001e4   0x00000006   Code   RO          508    .ARM.Collect$$_printf_percent$$00000003  c_w.l(_printf_f.o)
    0x080001ea   0x00000006   Code   RO          507    .ARM.Collect$$_printf_percent$$00000009  c_w.l(_printf_d.o)
    0x080001f0   0x00000004   Code   RO          611    .ARM.Collect$$_printf_percent$$00000017  c_w.l(_printf_percent_end.o)
    0x080001f4   0x00000002   Code   RO          747    .ARM.Collect$$libinit$$00000000  c_w.l(libinit.o)
    0x080001f6   0x00000000   Code   RO          749    .ARM.Collect$$libinit$$00000002  c_w.l(libinit2.o)
    0x080001f6   0x00000000   Code   RO          751    .ARM.Collect$$libinit$$00000004  c_w.l(libinit2.o)
    0x080001f6   0x00000000   Code   RO          754    .ARM.Collect$$libinit$$0000000A  c_w.l(libinit2.o)
    0x080001f6   0x00000000   Code   RO          756    .ARM.Collect$$libinit$$0000000C  c_w.l(libinit2.o)
    0x080001f6   0x00000000   Code   RO          758    .ARM.Collect$$libinit$$0000000E  c_w.l(libinit2.o)
    0x080001f6   0x00000006   Code   RO          759    .ARM.Collect$$libinit$$0000000F  c_w.l(libinit2.o)
    0x080001fc   0x00000000   Code   RO          761    .ARM.Collect$$libinit$$00000011  c_w.l(libinit2.o)
    0x080001fc   0x00000000   Code   RO          763    .ARM.Collect$$libinit$$00000013  c_w.l(libinit2.o)
    0x080001fc   0x00000000   Code   RO          765    .ARM.Collect$$libinit$$00000015  c_w.l(libinit2.o)
    0x080001fc   0x0000000a   Code   RO          766    .ARM.Collect$$libinit$$00000016  c_w.l(libinit2.o)
    0x08000206   0x00000000   Code   RO          767    .ARM.Collect$$libinit$$00000017  c_w.l(libinit2.o)
    0x08000206   0x00000000   Code   RO          769    .ARM.Collect$$libinit$$00000019  c_w.l(libinit2.o)
    0x08000206   0x00000000   Code   RO          771    .ARM.Collect$$libinit$$0000001B  c_w.l(libinit2.o)
    0x08000206   0x00000000   Code   RO          773    .ARM.Collect$$libinit$$0000001D  c_w.l(libinit2.o)
    0x08000206   0x00000000   Code   RO          775    .ARM.Collect$$libinit$$0000001F  c_w.l(libinit2.o)
    0x08000206   0x00000000   Code   RO          777    .ARM.Collect$$libinit$$00000021  c_w.l(libinit2.o)
    0x08000206   0x00000000   Code   RO          779    .ARM.Collect$$libinit$$00000023  c_w.l(libinit2.o)
    0x08000206   0x00000000   Code   RO          781    .ARM.Collect$$libinit$$00000025  c_w.l(libinit2.o)
    0x08000206   0x00000000   Code   RO          785    .ARM.Collect$$libinit$$0000002C  c_w.l(libinit2.o)
    0x08000206   0x00000000   Code   RO          787    .ARM.Collect$$libinit$$0000002E  c_w.l(libinit2.o)
    0x08000206   0x00000000   Code   RO          789    .ARM.Collect$$libinit$$00000030  c_w.l(libinit2.o)
    0x08000206   0x00000000   Code   RO          791    .ARM.Collect$$libinit$$00000032  c_w.l(libinit2.o)
    0x08000206   0x00000002   Code   RO          792    .ARM.Collect$$libinit$$00000033  c_w.l(libinit2.o)
    0x08000208   0x00000002   Code   RO          826    .ARM.Collect$$libshutdown$$00000000  c_w.l(libshutdown.o)
    0x0800020a   0x00000000   Code   RO          836    .ARM.Collect$$libshutdown$$00000003  c_w.l(libshutdown2.o)
    0x0800020a   0x00000000   Code   RO          839    .ARM.Collect$$libshutdown$$00000006  c_w.l(libshutdown2.o)
    0x0800020a   0x00000000   Code   RO          842    .ARM.Collect$$libshutdown$$00000009  c_w.l(libshutdown2.o)
    0x0800020a   0x00000000   Code   RO          844    .ARM.Collect$$libshutdown$$0000000B  c_w.l(libshutdown2.o)
    0x0800020a   0x00000000   Code   RO          847    .ARM.Collect$$libshutdown$$0000000E  c_w.l(libshutdown2.o)
    0x0800020a   0x00000002   Code   RO          848    .ARM.Collect$$libshutdown$$0000000F  c_w.l(libshutdown2.o)
    0x0800020c   0x00000000   Code   RO          598    .ARM.Collect$$rtentry$$00000000  c_w.l(__rtentry.o)
    0x0800020c   0x00000000   Code   RO          659    .ARM.Collect$$rtentry$$00000002  c_w.l(__rtentry2.o)
    0x0800020c   0x00000006   Code   RO          671    .ARM.Collect$$rtentry$$00000004  c_w.l(__rtentry4.o)
    0x08000212   0x00000000   Code   RO          661    .ARM.Collect$$rtentry$$00000009  c_w.l(__rtentry2.o)
    0x08000212   0x00000004   Code   RO          662    .ARM.Collect$$rtentry$$0000000A  c_w.l(__rtentry2.o)
    0x08000216   0x00000000   Code   RO          664    .ARM.Collect$$rtentry$$0000000C  c_w.l(__rtentry2.o)
    0x08000216   0x00000008   Code   RO          665    .ARM.Collect$$rtentry$$0000000D  c_w.l(__rtentry2.o)
    0x0800021e   0x00000002   Code   RO          797    .ARM.Collect$$rtexit$$00000000  c_w.l(rtexit.o)
    0x08000220   0x00000000   Code   RO          806    .ARM.Collect$$rtexit$$00000002  c_w.l(rtexit2.o)
    0x08000220   0x00000004   Code   RO          807    .ARM.Collect$$rtexit$$00000003  c_w.l(rtexit2.o)
    0x08000224   0x00000006   Code   RO          808    .ARM.Collect$$rtexit$$00000004  c_w.l(rtexit2.o)
    0x0800022a   0x00000002   PAD
    0x0800022c   0x00000374   Code   RO            1    .text               main.o
    0x080005a0   0x0000001a   Code   RO          114    .text               stm32f10x_it.o
    0x080005ba   0x00000002   PAD
    0x080005bc   0x000001e0   Code   RO          146    .text               system_stm32f10x.o
    0x0800079c   0x00000034   Code   RO          164    .text               led.o
    0x080007d0   0x00000484   Code   RO          176    .text               fdc2214.o
    0x08000c54   0x000005cc   Code   RO          191    .text               oled.o
    0x08001220   0x000000d8   Code   RO          210    .text               key.o
    0x080012f8   0x00000894   Code   RO          223    .text               filtering.o
    0x08001b8c   0x00000038   Code   RO          239    .text               beep.o
    0x08001bc4   0x00000070   Code   RO          251    .text               exti.o
    0x08001c34   0x000000d4   Code   RO          268    .text               delay.o
    0x08001d08   0x0000000c   Code   RO          282    .text               sys.o
    0x08001d14   0x0000015c   Code   RO          294    .text               usart.o
    0x08001e70   0x000000dc   Code   RO          317    .text               misc.o
    0x08001f4c   0x0000011c   Code   RO          353    .text               stm32f10x_exti.o
    0x08002068   0x0000035c   Code   RO          377    .text               stm32f10x_gpio.o
    0x080023c4   0x000003a4   Code   RO          389    .text               stm32f10x_rcc.o
    0x08002768   0x00000408   Code   RO          439    .text               stm32f10x_usart.o
    0x08002b70   0x00000040   Code   RO          465    .text               startup_stm32f10x_hd.o
    0x08002bb0   0x00000002   Code   RO          471    .text               c_w.l(use_no_semi_2.o)
    0x08002bb2   0x00000002   PAD
    0x08002bb4   0x00000018   Code   RO          477    .text               c_w.l(noretval__2printf.o)
    0x08002bcc   0x00000028   Code   RO          479    .text               c_w.l(noretval__2sprintf.o)
    0x08002bf4   0x0000004e   Code   RO          483    .text               c_w.l(_printf_pad.o)
    0x08002c42   0x00000002   PAD
    0x08002c44   0x00000078   Code   RO          485    .text               c_w.l(_printf_dec.o)
    0x08002cbc   0x0000010e   Code   RO          495    .text               c_w.l(__printf_wp.o)
    0x08002dca   0x00000006   Code   RO          510    .text               c_w.l(heapauxi.o)
    0x08002dd0   0x00000002   Code   RO          596    .text               c_w.l(use_no_semi.o)
    0x08002dd2   0x00000016   Code   RO          599    .text               c_w.l(_rserrno.o)
    0x08002de8   0x000000b2   Code   RO          601    .text               c_w.l(_printf_intcommon.o)
    0x08002e9a   0x0000041a   Code   RO          603    .text               c_w.l(_printf_fp_dec.o)
    0x080032b4   0x00000030   Code   RO          605    .text               c_w.l(_printf_char_common.o)
    0x080032e4   0x0000000a   Code   RO          607    .text               c_w.l(_sputc.o)
    0x080032ee   0x00000002   PAD
    0x080032f0   0x00000024   Code   RO          609    .text               c_w.l(_printf_char_file.o)
    0x08003314   0x00000008   Code   RO          676    .text               c_w.l(rt_locale_intlibspace.o)
    0x0800331c   0x00000008   Code   RO          681    .text               c_w.l(rt_errno_addr_intlibspace.o)
    0x08003324   0x0000008a   Code   RO          683    .text               c_w.l(lludiv10.o)
    0x080033ae   0x00000002   PAD
    0x080033b0   0x00000080   Code   RO          685    .text               c_w.l(_printf_fp_infnan.o)
    0x08003430   0x000000dc   Code   RO          689    .text               c_w.l(bigflt0.o)
    0x0800350c   0x00000008   Code   RO          714    .text               c_w.l(ferror.o)
    0x08003514   0x00000008   Code   RO          733    .text               c_w.l(libspace.o)
    0x0800351c   0x0000004a   Code   RO          736    .text               c_w.l(sys_stackheap_outer.o)
    0x08003566   0x0000000c   Code   RO          738    .text               c_w.l(exit.o)
    0x08003572   0x00000002   PAD
    0x08003574   0x00000080   Code   RO          740    .text               c_w.l(strcmpv7m.o)
    0x080035f4   0x0000003e   Code   RO          692    CL$$btod_d2e        c_w.l(btod.o)
    0x08003632   0x00000046   Code   RO          694    CL$$btod_d2e_denorm_low  c_w.l(btod.o)
    0x08003678   0x00000060   Code   RO          693    CL$$btod_d2e_norm_op1  c_w.l(btod.o)
    0x080036d8   0x00000338   Code   RO          702    CL$$btod_div_common  c_w.l(btod.o)
    0x08003a10   0x000000c6   Code   RO          699    CL$$btod_e2e        c_w.l(btod.o)
    0x08003ad6   0x00000028   Code   RO          696    CL$$btod_ediv       c_w.l(btod.o)
    0x08003afe   0x00000028   Code   RO          695    CL$$btod_emul       c_w.l(btod.o)
    0x08003b26   0x00000244   Code   RO          701    CL$$btod_mult_common  c_w.l(btod.o)
    0x08003d6a   0x00000028   Code   RO          643    i.__ARM_fpclassify  m_ws.l(fpclassify.o)
    0x08003d92   0x000000aa   Code   RO          645    i.__kernel_poly     m_ws.l(poly.o)
    0x08003e3c   0x00000010   Code   RO          629    i.__mathlib_dbl_divzero  m_ws.l(dunder.o)
    0x08003e4c   0x00000006   Code   RO          630    i.__mathlib_dbl_infnan  m_ws.l(dunder.o)
    0x08003e52   0x00000004   Code   RO          631    i.__mathlib_dbl_infnan2  m_ws.l(dunder.o)
    0x08003e56   0x0000000c   Code   RO          632    i.__mathlib_dbl_invalid  m_ws.l(dunder.o)
    0x08003e62   0x0000000e   Code   RO          633    i.__mathlib_dbl_overflow  m_ws.l(dunder.o)
    0x08003e70   0x00000010   Code   RO          635    i.__mathlib_dbl_underflow  m_ws.l(dunder.o)
    0x08003e80   0x0000000e   Code   RO          497    i._is_digit         c_w.l(__printf_wp.o)
    0x08003e8e   0x00000002   PAD
    0x08003e90   0x00000284   Code   RO          575    i.exp               m_ws.l(exp.o)
    0x08004114   0x0000035c   Code   RO          585    i.log               m_ws.l(log.o)
    0x08004470   0x000009b8   Code   RO          648    i.pow               m_ws.l(pow.o)
    0x08004e28   0x00000004   Code   RO          594    i.powl              m_ws.l(powl.o)
    0x08004e2c   0x0000004c   Code   RO          726    i.sqrt              m_ws.l(sqrt.o)
    0x08004e78   0x0000002c   Code   RO          719    locale$$code        c_w.l(lc_numeric_c.o)
    0x08004ea4   0x00000062   Code   RO          514    x$fpl$d2f           fz_ws.l(d2f.o)
    0x08004f06   0x00000002   PAD
    0x08004f08   0x00000150   Code   RO          516    x$fpl$dadd          fz_ws.l(daddsub_clz.o)
    0x08005058   0x00000010   Code   RO          721    x$fpl$dcheck1       fz_ws.l(dcheck1.o)
    0x08005068   0x00000018   Code   RO          612    x$fpl$dcmpinf       fz_ws.l(dcmpi.o)
    0x08005080   0x000002b0   Code   RO          523    x$fpl$ddiv          fz_ws.l(ddiv.o)
    0x08005330   0x00000078   Code   RO          614    x$fpl$deqf          fz_ws.l(deqf.o)
    0x080053a8   0x0000005e   Code   RO          526    x$fpl$dfix          fz_ws.l(dfix.o)
    0x08005406   0x0000002e   Code   RO          531    x$fpl$dflt          fz_ws.l(dflt_clz.o)
    0x08005434   0x00000026   Code   RO          530    x$fpl$dfltu         fz_ws.l(dflt_clz.o)
    0x0800545a   0x00000002   PAD
    0x0800545c   0x00000078   Code   RO          536    x$fpl$dleqf         fz_ws.l(dleqf.o)
    0x080054d4   0x00000154   Code   RO          538    x$fpl$dmul          fz_ws.l(dmul.o)
    0x08005628   0x0000009c   Code   RO          616    x$fpl$dnaninf       fz_ws.l(dnaninf.o)
    0x080056c4   0x0000000c   Code   RO          618    x$fpl$dretinf       fz_ws.l(dretinf.o)
    0x080056d0   0x0000006c   Code   RO          540    x$fpl$drleqf        fz_ws.l(drleqf.o)
    0x0800573c   0x00000016   Code   RO          517    x$fpl$drsb          fz_ws.l(daddsub_clz.o)
    0x08005752   0x00000002   PAD
    0x08005754   0x000001cc   Code   RO          793    x$fpl$dsqrt         fz_ws.l(dsqrt_noumaal.o)
    0x08005920   0x000001d4   Code   RO          518    x$fpl$dsub          fz_ws.l(daddsub_clz.o)
    0x08005af4   0x00000056   Code   RO          542    x$fpl$f2d           fz_ws.l(f2d.o)
    0x08005b4a   0x00000002   PAD
    0x08005b4c   0x000000c4   Code   RO          544    x$fpl$fadd          fz_ws.l(faddsub_clz.o)
    0x08005c10   0x00000018   Code   RO          620    x$fpl$fcmpinf       fz_ws.l(fcmpi.o)
    0x08005c28   0x00000184   Code   RO          551    x$fpl$fdiv          fz_ws.l(fdiv.o)
    0x08005dac   0x00000068   Code   RO          554    x$fpl$feqf          fz_ws.l(feqf.o)
    0x08005e14   0x00000036   Code   RO          556    x$fpl$ffix          fz_ws.l(ffix.o)
    0x08005e4a   0x00000002   PAD
    0x08005e4c   0x00000030   Code   RO          561    x$fpl$fflt          fz_ws.l(fflt_clz.o)
    0x08005e7c   0x00000068   Code   RO          566    x$fpl$fleqf         fz_ws.l(fleqf.o)
    0x08005ee4   0x00000102   Code   RO          568    x$fpl$fmul          fz_ws.l(fmul.o)
    0x08005fe6   0x0000008c   Code   RO          622    x$fpl$fnaninf       fz_ws.l(fnaninf.o)
    0x08006072   0x0000000a   Code   RO          624    x$fpl$fretinf       fz_ws.l(fretinf.o)
    0x0800607c   0x00000062   Code   RO          570    x$fpl$frleqf        fz_ws.l(frleqf.o)
    0x080060de   0x00000014   Code   RO          545    x$fpl$frsb          fz_ws.l(faddsub_clz.o)
    0x080060f2   0x00000002   PAD
    0x080060f4   0x000000ea   Code   RO          546    x$fpl$fsub          fz_ws.l(faddsub_clz.o)
    0x080061de   0x00000004   Code   RO          572    x$fpl$printf1       fz_ws.l(printf1.o)
    0x080061e2   0x00000064   Code   RO          795    x$fpl$retnan        fz_ws.l(retnan.o)
    0x08006246   0x0000005c   Code   RO          626    x$fpl$scalbn        fz_ws.l(scalbn.o)
    0x080062a2   0x00000030   Code   RO          803    x$fpl$trapveneer    fz_ws.l(trapv.o)
    0x080062d2   0x00000000   Code   RO          628    x$fpl$usenofp       fz_ws.l(usenofp.o)
    0x080062d2   0x00000818   Data   RO          192    .constdata          oled.o
    0x08006aea   0x00000006   PAD
    0x08006af0   0x00000058   Data   RO          576    .constdata          m_ws.l(exp.o)
    0x08006b48   0x00000038   Data   RO          586    .constdata          m_ws.l(log.o)
    0x08006b80   0x00000088   Data   RO          649    .constdata          m_ws.l(pow.o)
    0x08006c08   0x00000008   Data   RO          657    .constdata          m_ws.l(qnan.o)
    0x08006c10   0x00000094   Data   RO          690    .constdata          c_w.l(bigflt0.o)
    0x08006ca4   0x00000020   Data   RO          873    Region$$Table       anon$$obj.o
    0x08006cc4   0x0000001c   Data   RO          718    locale$$data        c_w.l(lc_numeric_c.o)


    Execution Region RW_IRAM1 (Base: 0x20000000, Size: 0x00000cc8, Max: 0x00010000, ABSOLUTE, COMPRESSED[0x00000198])

    Base Addr    Size         Type   Attr      Idx    E Section Name        Object

    0x20000000   0x00000034   Data   RW            3    .data               main.o
    0x20000034   0x00000014   Data   RW          147    .data               system_stm32f10x.o
    0x20000048   0x00000004   Data   RW          177    .data               fdc2214.o
    0x2000004c   0x00000380   Data   RW          193    .data               oled.o
    0x200003cc   0x00000001   Data   RW          211    .data               key.o
    0x200003cd   0x00000001   PAD
    0x200003ce   0x00000004   Data   RW          269    .data               delay.o
    0x200003d2   0x00000002   PAD
    0x200003d4   0x00000006   Data   RW          296    .data               usart.o
    0x200003da   0x00000014   Data   RW          390    .data               stm32f10x_rcc.o
    0x200003ee   0x00000002   PAD
    0x200003f0   0x00000138   Zero   RW            2    .bss                main.o
    0x20000528   0x00000074   Zero   RW          224    .bss                filtering.o
    0x2000059c   0x000000c8   Zero   RW          295    .bss                usart.o
    0x20000664   0x00000060   Zero   RW          734    .bss                c_w.l(libspace.o)
    0x200006c4   0x00000004   PAD
    0x200006c8   0x00000200   Zero   RW          463    HEAP                startup_stm32f10x_hd.o
    0x200008c8   0x00000400   Zero   RW          462    STACK               startup_stm32f10x_hd.o


==============================================================================

Image component sizes


      Code (inc. data)   RO Data    RW Data    ZI Data      Debug   Object Name

        56          6          0          0          0        476   beep.o
         0          0          0          0          0         32   core_cm3.o
       212         18          0          4          0        991   delay.o
       112         10          0          0          0        670   exti.o
      1156         24          0          4          0       3842   fdc2214.o
      2196        234          0          0        116       4363   filtering.o
       216         14          0          1          0        792   key.o
        52          6          0          0          0        467   led.o
       884        216          0         52        312     237544   main.o
       220         22          0          0          0       1777   misc.o
      1484         22       2072        896          0       6523   oled.o
        64         26        304          0       1536        788   startup_stm32f10x_hd.o
       284         10          0          0          0       2207   stm32f10x_exti.o
       860         38          0          0          0       5621   stm32f10x_gpio.o
        26          0          0          0          0       1166   stm32f10x_it.o
       932         36          0         20          0       8776   stm32f10x_rcc.o
      1032         22          0          0          0       8344   stm32f10x_usart.o
        12          0          0          0          0        437   sys.o
       480         38          0         20          0       1703   system_stm32f10x.o
       348         16          0          6        200       3327   usart.o

    ----------------------------------------------------------------------
     10628        758       2414       1008       2164     289846   Object Totals
         0          0         32          0          0          0   (incl. Generated)
         2          0          6          5          0          0   (incl. Padding)

    ----------------------------------------------------------------------

      Code (inc. data)   RO Data    RW Data    ZI Data      Debug   Library Member Name

        90          0          0          0          0          0   __dczerorl2.o
         8          0          0          0          0         68   __main.o
       284          0          0          0          0        156   __printf_wp.o
         0          0          0          0          0          0   __rtentry.o
        12          0          0          0          0          0   __rtentry2.o
         6          0          0          0          0          0   __rtentry4.o
        52          8          0          0          0          0   __scatter.o
        28          0          0          0          0          0   __scatter_zi.o
        48          6          0          0          0         96   _printf_char_common.o
        36          4          0          0          0         80   _printf_char_file.o
         6          0          0          0          0          0   _printf_d.o
       120         16          0          0          0         92   _printf_dec.o
         6          0          0          0          0          0   _printf_f.o
      1050          0          0          0          0        216   _printf_fp_dec.o
       128         16          0          0          0         84   _printf_fp_infnan.o
       178          0          0          0          0         88   _printf_intcommon.o
        78          0          0          0          0        108   _printf_pad.o
         0          0          0          0          0          0   _printf_percent.o
         4          0          0          0          0          0   _printf_percent_end.o
        22          0          0          0          0        100   _rserrno.o
        10          0          0          0          0         68   _sputc.o
       220          4        148          0          0         96   bigflt0.o
      1910        128          0          0          0        672   btod.o
        12          0          0          0          0         72   exit.o
         8          0          0          0          0         68   ferror.o
         6          0          0          0          0        152   heapauxi.o
        44         10         28          0          0         76   lc_numeric_c.o
         2          0          0          0          0          0   libinit.o
        18          0          0          0          0          0   libinit2.o
         2          0          0          0          0          0   libshutdown.o
         2          0          0          0          0          0   libshutdown2.o
         8          4          0          0         96         68   libspace.o
       138          0          0          0          0         80   lludiv10.o
        24          4          0          0          0         84   noretval__2printf.o
        40          6          0          0          0         84   noretval__2sprintf.o
         8          4          0          0          0         68   rt_errno_addr_intlibspace.o
         8          4          0          0          0         68   rt_locale_intlibspace.o
         2          0          0          0          0          0   rtexit.o
        10          0          0          0          0          0   rtexit2.o
       128          0          0          0          0         68   strcmpv7m.o
        74          0          0          0          0         80   sys_stackheap_outer.o
         2          0          0          0          0         68   use_no_semi.o
         2          0          0          0          0         68   use_no_semi_2.o
        98          4          0          0          0         92   d2f.o
       826         16          0          0          0        348   daddsub_clz.o
        16          4          0          0          0         68   dcheck1.o
        24          0          0          0          0         68   dcmpi.o
       688        140          0          0          0        208   ddiv.o
       120          4          0          0          0         92   deqf.o
        94          4          0          0          0         92   dfix.o
        84          0          0          0          0        136   dflt_clz.o
       120          4          0          0          0         92   dleqf.o
       340         12          0          0          0        104   dmul.o
       156          4          0          0          0         92   dnaninf.o
        12          0          0          0          0         68   dretinf.o
       108          0          0          0          0         80   drleqf.o
       460         56          0          0          0        120   dsqrt_noumaal.o
        86          4          0          0          0         84   f2d.o
       450          8          0          0          0        236   faddsub_clz.o
        24          0          0          0          0         68   fcmpi.o
       388         76          0          0          0         96   fdiv.o
       104          4          0          0          0         84   feqf.o
        54          4          0          0          0         84   ffix.o
        48          0          0          0          0         68   fflt_clz.o
       104          4          0          0          0         84   fleqf.o
       258          4          0          0          0         84   fmul.o
       140          4          0          0          0         84   fnaninf.o
        10          0          0          0          0         68   fretinf.o
        98          0          0          0          0         68   frleqf.o
         4          0          0          0          0         68   printf1.o
       100          0          0          0          0         68   retnan.o
        92          0          0          0          0         68   scalbn.o
        48          0          0          0          0         68   trapv.o
         0          0          0          0          0          0   usenofp.o
        68         10          0          0          0        408   dunder.o
       644         90         88          0          0        204   exp.o
        40          0          0          0          0         68   fpclassify.o
       860         52         56          0          0        256   log.o
       170          0          0          0          0         96   poly.o
      2488        190        136          0          0        300   pow.o
         4          0          0          0          0         68   powl.o
         0          0          8          0          0          0   qnan.o
        76          0          0          0          0         84   sqrt.o

    ----------------------------------------------------------------------
     14366        912        464          0        100       7552   Library Totals
        28          0          0          0          4          0   (incl. Padding)

    ----------------------------------------------------------------------

      Code (inc. data)   RO Data    RW Data    ZI Data      Debug   Library Name

      4834        214        176          0         96       3028   c_w.l
      5154        356          0          0          0       3040   fz_ws.l
      4350        342        288          0          0       1484   m_ws.l

    ----------------------------------------------------------------------
     14366        912        464          0        100       7552   Library Totals

    ----------------------------------------------------------------------

==============================================================================


      Code (inc. data)   RO Data    RW Data    ZI Data      Debug   

     24994       1670       2878       1008       2264     291882   Grand Totals
     24994       1670       2878        408       2264     291882   ELF Image Totals (compressed)
     24994       1670       2878        408          0          0   ROM Totals

==============================================================================

    Total RO  Size (Code + RO Data)                27872 (  27.22kB)
    Total RW  Size (RW Data + ZI Data)              3272 (   3.20kB)
    Total ROM Size (Code + RO Data + RW Data)      28280 (  27.62kB)

==============================================================================

